INFO:root:------------------------------------
INFO:root:batch_size: 64, lr: 0.01, epochs: 40
INFO:root:------------------------------------
INFO:root:batch_size: 64, lr: 0.01, epochs: 40
INFO:root:------------------------------------
INFO:root:batch_size: 64, lr: 0.01, epochs: 40
INFO:root:------------------------------------
INFO:root:batch_size: 64, lr: 0.01, epochs: 40
INFO:root:------------------------------------
INFO:root:batch_size: 64, lr: 0.01, epochs: 40
INFO:root:Epoch: 1/40 - Semantic Loss: 0.0023, Detail Loss: 0.0138, Matte Loss: 2.8172, LR: 0.01
INFO:root:------save model------1  1.pth
INFO:root:Epoch: 2/40 - Semantic Loss: 0.0001, Detail Loss: 0.0025, Matte Loss: 2.7897, LR: 0.01
INFO:root:------save model------2  2.pth
INFO:root:Epoch: 3/40 - Semantic Loss: 0.0001, Detail Loss: 0.0024, Matte Loss: 2.7899, LR: 0.01
INFO:root:------save model------3  3.pth
INFO:root:Epoch: 4/40 - Semantic Loss: 0.0001, Detail Loss: 0.0024, Matte Loss: 2.7882, LR: 0.01
INFO:root:------save model------4  4.pth
INFO:root:------------------------------------
INFO:root:batch_size: 64, lr: 0.005, epochs: 40
INFO:root:Epoch: 1/40 - Semantic Loss: 0.0031, Detail Loss: 0.0229, Matte Loss: 2.8381, LR: 0.005
INFO:root:------save model------1  1.pth
INFO:root:Epoch: 2/40 - Semantic Loss: 0.0001, Detail Loss: 0.0026, Matte Loss: 2.7888, LR: 0.005
INFO:root:------save model------2  2.pth
INFO:root:Epoch: 3/40 - Semantic Loss: 0.0001, Detail Loss: 0.0025, Matte Loss: 2.7883, LR: 0.005
INFO:root:------save model------3  3.pth
INFO:root:Epoch: 4/40 - Semantic Loss: 0.0001, Detail Loss: 0.0024, Matte Loss: 2.7882, LR: 0.005
INFO:root:------save model------4  4.pth
INFO:root:Epoch: 5/40 - Semantic Loss: 0.0001, Detail Loss: 0.0024, Matte Loss: 2.7891, LR: 0.005
INFO:root:------save model------5  5.pth
INFO:root:Epoch: 6/40 - Semantic Loss: 0.0001, Detail Loss: 0.0024, Matte Loss: 2.7882, LR: 0.005
INFO:root:------save model------6  6.pth
INFO:root:Epoch: 7/40 - Semantic Loss: 0.0001, Detail Loss: 0.0023, Matte Loss: 2.7882, LR: 0.005
INFO:root:------save model------7  7.pth
INFO:root:Epoch: 8/40 - Semantic Loss: 0.0001, Detail Loss: 0.0023, Matte Loss: 2.7881, LR: 0.005
INFO:root:------save model------8  8.pth
INFO:root:Epoch: 9/40 - Semantic Loss: 0.0001, Detail Loss: 0.0023, Matte Loss: 2.7883, LR: 0.005
INFO:root:------save model------9  9.pth
INFO:root:Epoch: 10/40 - Semantic Loss: 0.0001, Detail Loss: 0.0023, Matte Loss: 2.7896, LR: 0.005
INFO:root:------save model------10  10.pth
INFO:root:Epoch: 11/40 - Semantic Loss: 0.0001, Detail Loss: 0.0023, Matte Loss: 2.7883, LR: 0.0005
INFO:root:------save model------11  11.pth
INFO:root:Epoch: 12/40 - Semantic Loss: 0.0001, Detail Loss: 0.0023, Matte Loss: 2.7887, LR: 0.0005
INFO:root:------save model------12  12.pth
INFO:root:Epoch: 13/40 - Semantic Loss: 0.0001, Detail Loss: 0.0023, Matte Loss: 2.7883, LR: 0.0005
INFO:root:------save model------13  13.pth
INFO:root:Epoch: 14/40 - Semantic Loss: 0.0001, Detail Loss: 0.0023, Matte Loss: 2.7886, LR: 0.0005
INFO:root:------save model------14  14.pth
INFO:root:Epoch: 15/40 - Semantic Loss: 0.0001, Detail Loss: 0.0023, Matte Loss: 2.7887, LR: 0.0005
INFO:root:------save model------15  15.pth
INFO:root:Epoch: 16/40 - Semantic Loss: 0.0001, Detail Loss: 0.0023, Matte Loss: 2.7891, LR: 0.0005
INFO:root:------save model------16  16.pth
INFO:root:Epoch: 17/40 - Semantic Loss: 0.0001, Detail Loss: 0.0023, Matte Loss: 2.7884, LR: 0.0005
INFO:root:------save model------17  17.pth
INFO:root:Epoch: 18/40 - Semantic Loss: 0.0001, Detail Loss: 0.0023, Matte Loss: 2.7881, LR: 0.0005
INFO:root:------save model------18  18.pth
INFO:root:Epoch: 19/40 - Semantic Loss: 0.0001, Detail Loss: 0.0023, Matte Loss: 2.7883, LR: 0.0005
INFO:root:------save model------19  19.pth
INFO:root:Epoch: 20/40 - Semantic Loss: 0.0001, Detail Loss: 0.0023, Matte Loss: 2.7884, LR: 0.0005
INFO:root:------save model------20  20.pth
INFO:root:Epoch: 21/40 - Semantic Loss: 0.0001, Detail Loss: 0.0023, Matte Loss: 2.7892, LR: 5e-05
INFO:root:------save model------21  21.pth
INFO:root:Epoch: 22/40 - Semantic Loss: 0.0001, Detail Loss: 0.0023, Matte Loss: 2.7882, LR: 5e-05
INFO:root:------save model------22  22.pth
INFO:root:Epoch: 23/40 - Semantic Loss: 0.0001, Detail Loss: 0.0023, Matte Loss: 2.7882, LR: 5e-05
INFO:root:------save model------23  23.pth
INFO:root:Epoch: 24/40 - Semantic Loss: 0.0001, Detail Loss: 0.0023, Matte Loss: 2.7872, LR: 5e-05
INFO:root:------save model------24  24.pth
INFO:root:Epoch: 25/40 - Semantic Loss: 0.0001, Detail Loss: 0.0023, Matte Loss: 2.7879, LR: 5e-05
INFO:root:------save model------25  25.pth
INFO:root:Epoch: 26/40 - Semantic Loss: 0.0001, Detail Loss: 0.0023, Matte Loss: 2.7880, LR: 5e-05
INFO:root:------save model------26  26.pth
INFO:root:Epoch: 27/40 - Semantic Loss: 0.0001, Detail Loss: 0.0023, Matte Loss: 2.7891, LR: 5e-05
INFO:root:------save model------27  27.pth
INFO:root:Epoch: 28/40 - Semantic Loss: 0.0001, Detail Loss: 0.0023, Matte Loss: 2.7879, LR: 5e-05
INFO:root:------save model------28  28.pth
INFO:root:Epoch: 29/40 - Semantic Loss: 0.0001, Detail Loss: 0.0023, Matte Loss: 2.7892, LR: 5e-05
INFO:root:------save model------29  29.pth
INFO:root:Epoch: 30/40 - Semantic Loss: 0.0001, Detail Loss: 0.0023, Matte Loss: 2.7879, LR: 5e-05
INFO:root:------save model------30  30.pth
INFO:root:Epoch: 31/40 - Semantic Loss: 0.0001, Detail Loss: 0.0023, Matte Loss: 2.7873, LR: 5e-06
INFO:root:------save model------31  31.pth
INFO:root:Epoch: 32/40 - Semantic Loss: 0.0001, Detail Loss: 0.0023, Matte Loss: 2.7882, LR: 5e-06
INFO:root:------save model------32  32.pth
INFO:root:Epoch: 33/40 - Semantic Loss: 0.0001, Detail Loss: 0.0023, Matte Loss: 2.7880, LR: 5e-06
INFO:root:------save model------33  33.pth
INFO:root:Epoch: 34/40 - Semantic Loss: 0.0001, Detail Loss: 0.0023, Matte Loss: 2.7883, LR: 5e-06
INFO:root:------save model------34  34.pth
INFO:root:Epoch: 35/40 - Semantic Loss: 0.0001, Detail Loss: 0.0023, Matte Loss: 2.7887, LR: 5e-06
INFO:root:------save model------35  35.pth
INFO:root:Epoch: 36/40 - Semantic Loss: 0.0001, Detail Loss: 0.0023, Matte Loss: 2.7883, LR: 5e-06
INFO:root:------save model------36  36.pth
INFO:root:Epoch: 37/40 - Semantic Loss: 0.0001, Detail Loss: 0.0023, Matte Loss: 2.7869, LR: 5e-06
INFO:root:------save model------37  37.pth
INFO:root:Epoch: 38/40 - Semantic Loss: 0.0001, Detail Loss: 0.0023, Matte Loss: 2.7894, LR: 5e-06
INFO:root:------save model------38  38.pth
INFO:root:Epoch: 39/40 - Semantic Loss: 0.0001, Detail Loss: 0.0023, Matte Loss: 2.7889, LR: 5e-06
INFO:root:------save model------39  39.pth
INFO:root:Epoch: 40/40 - Semantic Loss: 0.0001, Detail Loss: 0.0023, Matte Loss: 2.7882, LR: 5e-06
INFO:root:------save model------40  40.pth
INFO:root:------------------------------------
WARNING:visdom:Setting up a new session...
INFO:websocket:Websocket connected
INFO:visdom:Visdom successfully connected to server
INFO:root:------------------------------------
INFO:root:Training started at 2024-10-28 20:04:40.583879
INFO:root:Training started
INFO:root:model load ./result/prune/ratio_0.5_thresh_0.5/modnet_p_new_trimap_0027_lr0.0001_ratio_0.5_thresh_0.5.ckpt
INFO:root:------------------------------------
WARNING:visdom:Setting up a new session...
INFO:websocket:Websocket connected
INFO:visdom:Visdom successfully connected to server
INFO:root:------------------------------------
INFO:root:Training started at 2024-10-28 20:07:03.687694
INFO:root:Training started
INFO:root:model load ./result/prune/ratio_0.5_thresh_0.5/modnet_p_new_trimap_0027_lr0.0001_ratio_0.5_thresh_0.5.ckpt
INFO:root:batch_size: 64,lr :0.01, epochs: 40
INFO:root:------------------------------------
WARNING:visdom:Setting up a new session...
INFO:websocket:Websocket connected
INFO:visdom:Visdom successfully connected to server
INFO:root:------------------------------------
INFO:root:Training started at 2024-10-28 20:09:14.307369
INFO:root:Training started
INFO:root:model load ./result/prune/ratio_0.5_thresh_0.5/modnet_p_new_trimap_0027_lr0.0001_ratio_0.5_thresh_0.5.ckpt
INFO:root:batch_size: 64,lr :0.01, epochs: 40
INFO:root:------------------------------------
WARNING:visdom:Setting up a new session...
INFO:websocket:Websocket connected
INFO:visdom:Visdom successfully connected to server
INFO:root:------------------------------------
INFO:root:Training started at 2024-10-28 20:10:00.846528
INFO:root:Training started
INFO:root:model load ./result/prune/ratio_0.5_thresh_0.5/modnet_p_new_trimap_0027_lr0.0001_ratio_0.5_thresh_0.5.ckpt
INFO:root:batch_size: 64,lr :0.01, epochs: 40
INFO:root:------------------------------------
WARNING:visdom:Setting up a new session...
INFO:websocket:Websocket connected
INFO:visdom:Visdom successfully connected to server
INFO:root:------------------------------------
INFO:root:Training started at 2024-10-28 20:10:52.536041
INFO:root:Training started
INFO:root:model load ./result/prune/ratio_0.5_thresh_0.5/modnet_p_new_trimap_0027_lr0.0001_ratio_0.5_thresh_0.5.ckpt
INFO:root:batch_size: 64,lr :0.01, epochs: 40
INFO:root:------------------------------------
WARNING:visdom:Setting up a new session...
INFO:websocket:Websocket connected
INFO:visdom:Visdom successfully connected to server
INFO:root:------------------------------------
INFO:root:Training started at 2024-10-28 20:12:07.340973
INFO:root:Training started
INFO:root:model load ./result/prune/ratio_0.5_thresh_0.5/modnet_p_new_trimap_0027_lr0.0001_ratio_0.5_thresh_0.5.ckpt
INFO:root:batch_size: 64,lr :0.01, epochs: 40
INFO:root:------------------------------------
WARNING:visdom:Setting up a new session...
INFO:websocket:Websocket connected
INFO:visdom:Visdom successfully connected to server
INFO:root:------------------------------------
INFO:root:Training started at 2024-10-28 20:12:56.474188
INFO:root:Training started
INFO:root:model load ./result/prune/ratio_0.5_thresh_0.5/modnet_p_new_trimap_0027_lr0.0001_ratio_0.5_thresh_0.5.ckpt
INFO:root:batch_size: 64,lr :0.01, epochs: 40
INFO:root:------------------------------------
WARNING:visdom:Setting up a new session...
INFO:websocket:Websocket connected
INFO:visdom:Visdom successfully connected to server
INFO:root:------------------------------------
INFO:root:Training started at 2024-10-28 20:17:26.317248
INFO:root:Training started
INFO:root:model load ./result/prune/ratio_0.5_thresh_0.5/modnet_p_new_trimap_0027_lr0.0001_ratio_0.5_thresh_0.5.ckpt
INFO:root:batch_size: 64,lr :0.01, epochs: 40
INFO:root:------------------------------------
WARNING:visdom:Setting up a new session...
INFO:websocket:Websocket connected
INFO:visdom:Visdom successfully connected to server
INFO:root:------------------------------------
INFO:root:Training started at 2024-10-28 20:20:21.853476
INFO:root:Training started
INFO:root:model load ./result/prune/ratio_0.5_thresh_0.5/modnet_p_new_trimap_0027_lr0.0001_ratio_0.5_thresh_0.5.ckpt
INFO:root:batch_size: 64,lr :0.01, epochs: 40
INFO:root:------------------------------------
WARNING:visdom:Setting up a new session...
INFO:websocket:Websocket connected
INFO:visdom:Visdom successfully connected to server
INFO:root:------------------------------------
INFO:root:Training started at 2024-10-28 20:24:02.253459
INFO:root:model load ./result/prune/ratio_0.5_thresh_0.5/modnet_p_new_trimap_0027_lr0.0001_ratio_0.5_thresh_0.5.ckpt
INFO:root:batch_size: 64,lr :0.01, epochs: 40
INFO:root:------------------------------------
WARNING:visdom:Setting up a new session...
INFO:websocket:Websocket connected
INFO:visdom:Visdom successfully connected to server
INFO:root:------------------------------------
INFO:root:Training started at 2024-10-28 20:24:29.179068
INFO:root:model load ./result/prune/ratio_0.5_thresh_0.5/modnet_p_new_trimap_0027_lr0.0001_ratio_0.5_thresh_0.5.ckpt
INFO:root:batch_size: 64,lr :0.01, epochs: 40
INFO:root:------------------------------------
WARNING:visdom:Setting up a new session...
INFO:websocket:Websocket connected
INFO:visdom:Visdom successfully connected to server
INFO:root:------------------------------------
INFO:root:Training started at 2024-10-28 20:26:52.932356
INFO:root:model load ./result/prune/ratio_0.5_thresh_0.5/modnet_p_new_trimap_0027_lr0.0001_ratio_0.5_thresh_0.5.ckpt
INFO:root:batch_size: 64,lr :0.01, epochs: 40
INFO:root:------------------------------------
WARNING:visdom:Setting up a new session...
INFO:websocket:Websocket connected
INFO:visdom:Visdom successfully connected to server
INFO:root:------------------------------------
INFO:root:Training started at 2024-10-28 20:29:27.771733
INFO:root:model load ./result/prune/ratio_0.5_thresh_0.5/modnet_p_new_trimap_0027_lr0.0001_ratio_0.5_thresh_0.5.ckpt
INFO:root:batch_size: 64,lr :0.01, epochs: 40
INFO:root:------------------------------------
WARNING:visdom:Setting up a new session...
INFO:websocket:Websocket connected
INFO:visdom:Visdom successfully connected to server
INFO:root:------------------------------------
INFO:root:Training started at 2024-10-28 20:36:09.959494
INFO:root:model load ./result/prune/ratio_0.5_thresh_0.5/modnet_p_new_trimap_0027_lr0.0001_ratio_0.5_thresh_0.5.ckpt
INFO:root:batch_size: 64,lr :0.01, epochs: 40
INFO:root:------------------------------------
WARNING:visdom:Setting up a new session...
INFO:websocket:Websocket connected
INFO:visdom:Visdom successfully connected to server
INFO:root:------------------------------------
INFO:root:Training started at 2024-10-28 20:38:32.850657
INFO:root:model load ./result/prune/ratio_0.5_thresh_0.5/modnet_p_new_trimap_0027_lr0.0001_ratio_0.5_thresh_0.5.ckpt
INFO:root:batch_size: 64,lr :0.01, epochs: 40
INFO:root:------------------------------------
WARNING:visdom:Setting up a new session...
INFO:websocket:Websocket connected
INFO:visdom:Visdom successfully connected to server
INFO:root:------------------------------------
INFO:root:Training started at 2024-10-28 20:39:32.875658
INFO:root:model load ./result/prune/ratio_0.5_thresh_0.5/modnet_p_new_trimap_0027_lr0.0001_ratio_0.5_thresh_0.5.ckpt
INFO:root:batch_size: 64,lr :0.01, epochs: 40
INFO:root:------------------------------------
WARNING:visdom:Setting up a new session...
INFO:visdom:Socket refused connection, running socketless
ERROR:visdom:[Errno 111] Connection refused
ERROR:websocket:[Errno 111] Connection refused - goodbye
ERROR:websocket:error from callback <function Visdom.setup_socket.<locals>.on_close at 0x7fa7d281aa60>: on_close() takes 1 positional argument but 3 were given
ERROR:visdom:on_close() takes 1 positional argument but 3 were given
INFO:root:model load ./result/prune/ratio_0.5_thresh_0.5/modnet_p_new_trimap_0027_lr0.0001_ratio_0.5_thresh_0.5.ckpt
INFO:root:batch_size: 32,lr :0.01, epochs: 40
INFO:root:------------------------------------
WARNING:visdom:Setting up a new session...
INFO:visdom:Socket refused connection, running socketless
ERROR:visdom:[Errno 111] Connection refused
ERROR:websocket:[Errno 111] Connection refused - goodbye
ERROR:websocket:error from callback <function Visdom.setup_socket.<locals>.on_close at 0x7f37bf62a940>: on_close() takes 1 positional argument but 3 were given
ERROR:visdom:on_close() takes 1 positional argument but 3 were given
INFO:root:model load ./result/prune/ratio_0.5_thresh_0.5/modnet_p_new_trimap_0027_lr0.0001_ratio_0.5_thresh_0.5.ckpt
INFO:root:batch_size: 32,lr :0.01, epochs: 40
INFO:root:------------------------------------
WARNING:visdom:Setting up a new session...
INFO:websocket:Websocket connected
INFO:visdom:Visdom successfully connected to server
INFO:root:model load ./result/prune/ratio_0.5_thresh_0.5/modnet_p_new_trimap_0027_lr0.0001_ratio_0.5_thresh_0.5.ckpt
INFO:root:batch_size: 32,lr :0.01, epochs: 40
INFO:root:------------------------------------
WARNING:visdom:Setting up a new session...
INFO:websocket:Websocket connected
INFO:visdom:Visdom successfully connected to server
INFO:root:model load ./result/prune/ratio_0.5_thresh_0.5/modnet_p_new_trimap_0027_lr0.0001_ratio_0.5_thresh_0.5.ckpt
INFO:root:batch_size: 32,lr :0.01, epochs: 40
INFO:root:------------------------------------
WARNING:visdom:Setting up a new session...
INFO:websocket:Websocket connected
INFO:visdom:Visdom successfully connected to server
INFO:root:model load ./result/prune/ratio_0.5_thresh_0.5/modnet_p_new_trimap_0027_lr0.0001_ratio_0.5_thresh_0.5.ckpt
INFO:root:batch_size: 32,lr :0.01, epochs: 40
INFO:root:epoch: 1/40, matte_loss: 119.37825011442108
INFO:root:epoch: 1/40, matte_loss: 0.48020210399180174
INFO:root:epoch: 1/40, matte_loss: 0.5313934501150601
INFO:root:------save model------1  1.pth
INFO:root:------------------------------------
WARNING:visdom:Setting up a new session...
INFO:websocket:Websocket connected
INFO:visdom:Visdom successfully connected to server
INFO:root:model load ./result/prune/ratio_0.5_thresh_0.5/modnet_p_new_trimap_0027_lr0.0001_ratio_0.5_thresh_0.5.ckpt
INFO:root:------------------------------------
WARNING:visdom:Setting up a new session...
INFO:websocket:Websocket connected
INFO:visdom:Visdom successfully connected to server
INFO:root:model load ./result/prune/ratio_0.5_thresh_0.5/modnet_p_new_trimap_0027_lr0.0001_ratio_0.5_thresh_0.5.ckpt
INFO:root:------------------------------------
WARNING:visdom:Setting up a new session...
INFO:websocket:Websocket connected
INFO:visdom:Visdom successfully connected to server
INFO:root:model load ./result/prune/ratio_0.5_thresh_0.5/modnet_p_new_trimap_0027_lr0.0001_ratio_0.5_thresh_0.5.ckpt
INFO:root:------------------------------------
WARNING:visdom:Setting up a new session...
INFO:websocket:Websocket connected
INFO:visdom:Visdom successfully connected to server
INFO:root:model load ./result/prune/ratio_0.5_thresh_0.5/modnet_p_new_trimap_0027_lr0.0001_ratio_0.5_thresh_0.5.ckpt
INFO:root:------------------------------------
WARNING:visdom:Setting up a new session...
INFO:websocket:Websocket connected
INFO:visdom:Visdom successfully connected to server
INFO:root:model load ./result/prune/ratio_0.5_thresh_0.5/modnet_p_new_trimap_0027_lr0.0001_ratio_0.5_thresh_0.5.ckpt
INFO:root:------------------------------------
WARNING:visdom:Setting up a new session...
INFO:websocket:Websocket connected
INFO:visdom:Visdom successfully connected to server
INFO:root:model load ./result/prune/ratio_0.5_thresh_0.5/modnet_p_new_trimap_0027_lr0.0001_ratio_0.5_thresh_0.5.ckpt
INFO:root:------------------------------------
WARNING:visdom:Setting up a new session...
INFO:websocket:Websocket connected
INFO:visdom:Visdom successfully connected to server
INFO:root:model load ./result/prune/ratio_0.5_thresh_0.5/modnet_p_new_trimap_0027_lr0.0001_ratio_0.5_thresh_0.5.ckpt
INFO:root:------------------------------------
WARNING:visdom:Setting up a new session...
INFO:websocket:Websocket connected
INFO:visdom:Visdom successfully connected to server
INFO:root:model load ./result/prune/ratio_0.5_thresh_0.5/modnet_p_new_trimap_0027_lr0.0001_ratio_0.5_thresh_0.5.ckpt
INFO:root:------------------------------------
WARNING:visdom:Setting up a new session...
INFO:websocket:Websocket connected
INFO:visdom:Visdom successfully connected to server
INFO:root:model load ./result/prune/ratio_0.5_thresh_0.5/modnet_p_new_trimap_0027_lr0.0001_ratio_0.5_thresh_0.5.ckpt
INFO:root:------------------------------------
WARNING:visdom:Setting up a new session...
INFO:websocket:Websocket connected
INFO:visdom:Visdom successfully connected to server
INFO:root:model load ./result/prune/ratio_0.5_thresh_0.5/modnet_p_new_trimap_0027_lr0.0001_ratio_0.5_thresh_0.5.ckpt
INFO:root:------------------------------------
WARNING:visdom:Setting up a new session...
INFO:websocket:Websocket connected
INFO:visdom:Visdom successfully connected to server
INFO:root:model load ./result/prune/ratio_0.5_thresh_0.5/modnet_p_new_trimap_0027_lr0.0001_ratio_0.5_thresh_0.5.ckpt
INFO:root:------------------------------------
WARNING:visdom:Setting up a new session...
INFO:websocket:Websocket connected
INFO:visdom:Visdom successfully connected to server
INFO:root:model load ./result/prune/ratio_0.5_thresh_0.5/modnet_p_new_trimap_0027_lr0.0001_ratio_0.5_thresh_0.5.ckpt
INFO:root:------------------------------------
WARNING:visdom:Setting up a new session...
INFO:websocket:Websocket connected
INFO:visdom:Visdom successfully connected to server
INFO:root:model load ./result/prune/ratio_0.5_thresh_0.5/modnet_p_new_trimap_0027_lr0.0001_ratio_0.5_thresh_0.5.ckpt
INFO:root:------------------------------------
WARNING:visdom:Setting up a new session...
INFO:websocket:Websocket connected
INFO:visdom:Visdom successfully connected to server
INFO:root:model load ./result/prune/ratio_0.5_thresh_0.5/modnet_p_new_trimap_0027_lr0.0001_ratio_0.5_thresh_0.5.ckpt
INFO:root:batch_size: 32,lr :0.01, epochs: 40
INFO:root:epoch: 1/40, matte_loss: 120.63291474682048
INFO:root:epoch: 1/40, matte_loss: 0.4692881429826836
INFO:root:epoch: 1/40, matte_loss: 0.5209107029344787
INFO:root:------save model------1  1.pth
INFO:root:epoch: 2/40, matte_loss: 112.40647256010438
INFO:root:epoch: 2/40, matte_loss: 0.3584722564328916
INFO:root:epoch: 2/40, matte_loss: 0.4027851641686667
INFO:root:------save model------2  2.pth
INFO:root:epoch: 3/40, matte_loss: 121.91857535854496
INFO:root:epoch: 3/40, matte_loss: 0.3093015155332859
INFO:root:epoch: 3/40, matte_loss: 0.35607096141252575
INFO:root:------save model------3  3.pth
INFO:root:epoch: 4/40, matte_loss: 231.60446362977683
INFO:root:epoch: 4/40, matte_loss: 0.3325533993433601
INFO:root:epoch: 4/40, matte_loss: 0.4470760728428892
INFO:root:------save model------4  4.pth
INFO:root:epoch: 5/40, matte_loss: 235.0881314200415
INFO:root:epoch: 5/40, matte_loss: 0.30552351115078763
INFO:root:epoch: 5/40, matte_loss: 0.4079385998089713
INFO:root:------save model------5  5.pth
INFO:root:epoch: 6/40, matte_loss: 229.72839892640513
INFO:root:epoch: 6/40, matte_loss: 0.2861941108341705
INFO:root:epoch: 6/40, matte_loss: 0.3692701752398559
INFO:root:------save model------6  6.pth
INFO:root:epoch: 7/40, matte_loss: 228.650879798365
INFO:root:epoch: 7/40, matte_loss: 0.2745823280808343
INFO:root:epoch: 7/40, matte_loss: 0.34794519037548605
INFO:root:------save model------7  7.pth
INFO:root:epoch: 8/40, matte_loss: 232.52391602858037
INFO:root:epoch: 8/40, matte_loss: 0.26678733918067615
INFO:root:epoch: 8/40, matte_loss: 0.33594421186334417
INFO:root:------save model------8  8.pth
INFO:root:epoch: 9/40, matte_loss: 234.1942002684185
INFO:root:epoch: 9/40, matte_loss: 0.2572895132675317
INFO:root:epoch: 9/40, matte_loss: 0.32251902146035144
INFO:root:------save model------9  9.pth
INFO:root:epoch: 10/40, matte_loss: 232.18447795490164
INFO:root:epoch: 10/40, matte_loss: 0.25484245406894807
INFO:root:epoch: 10/40, matte_loss: 0.3199844006919115
INFO:root:------save model------10  10.pth
INFO:root:epoch: 11/40, matte_loss: 213.82086929224414
INFO:root:epoch: 11/40, matte_loss: 0.23479700163192185
INFO:root:epoch: 11/40, matte_loss: 0.2876713019416631
INFO:root:------save model------11  11.pth
INFO:root:epoch: 12/40, matte_loss: 213.8423940137299
INFO:root:epoch: 12/40, matte_loss: 0.23268642041592508
INFO:root:epoch: 12/40, matte_loss: 0.284319013431324
INFO:root:------save model------12  12.pth
INFO:root:epoch: 13/40, matte_loss: 213.69542530246298
INFO:root:epoch: 13/40, matte_loss: 0.2317396554231135
INFO:root:epoch: 13/40, matte_loss: 0.28304873222013066
INFO:root:------save model------13  13.pth
INFO:root:epoch: 14/40, matte_loss: 213.60852142081453
INFO:root:epoch: 14/40, matte_loss: 0.23106097274516513
INFO:root:epoch: 14/40, matte_loss: 0.28154380150189656
INFO:root:------save model------14  14.pth
INFO:root:epoch: 15/40, matte_loss: 213.7496851178365
INFO:root:epoch: 15/40, matte_loss: 0.23025329451288906
INFO:root:epoch: 15/40, matte_loss: 0.28054961551032453
INFO:root:------save model------15  15.pth
INFO:root:epoch: 16/40, matte_loss: 213.73917528338546
INFO:root:epoch: 16/40, matte_loss: 0.2293384394429987
INFO:root:epoch: 16/40, matte_loss: 0.27961503468795557
INFO:root:------save model------16  16.pth
INFO:root:epoch: 17/40, matte_loss: 213.84943461173418
INFO:root:epoch: 17/40, matte_loss: 0.22873820211384757
INFO:root:epoch: 17/40, matte_loss: 0.2784722320420268
INFO:root:------save model------17  17.pth
INFO:root:epoch: 18/40, matte_loss: 213.45072273216107
INFO:root:epoch: 18/40, matte_loss: 0.22845714212184354
INFO:root:epoch: 18/40, matte_loss: 0.2777942667599043
INFO:root:------save model------18  18.pth
INFO:root:epoch: 19/40, matte_loss: 213.60434435929346
INFO:root:epoch: 19/40, matte_loss: 0.22748107377570845
INFO:root:epoch: 19/40, matte_loss: 0.2766556064460865
INFO:root:------save model------19  19.pth
INFO:root:epoch: 20/40, matte_loss: 213.60982825527867
INFO:root:epoch: 20/40, matte_loss: 0.22697293692176723
INFO:root:epoch: 20/40, matte_loss: 0.2758360788824717
INFO:root:------save model------20  20.pth
INFO:root:epoch: 21/40, matte_loss: 212.3550688670574
INFO:root:epoch: 21/40, matte_loss: 0.22480533027559932
INFO:root:epoch: 21/40, matte_loss: 0.27205179379561006
INFO:root:------save model------21  21.pth
INFO:root:epoch: 22/40, matte_loss: 212.22946343741253
INFO:root:epoch: 22/40, matte_loss: 0.22459723053243802
INFO:root:epoch: 22/40, matte_loss: 0.2717421649085471
INFO:root:------save model------22  22.pth
INFO:root:epoch: 23/40, matte_loss: 212.56106827806164
INFO:root:epoch: 23/40, matte_loss: 0.22457784467793596
INFO:root:epoch: 23/40, matte_loss: 0.27172222389706163
INFO:root:------save model------23  23.pth
INFO:root:epoch: 24/40, matte_loss: 212.61408760511722
INFO:root:epoch: 24/40, matte_loss: 0.22424455531076568
INFO:root:epoch: 24/40, matte_loss: 0.2714604277321337
INFO:root:------save model------24  24.pth
INFO:root:epoch: 25/40, matte_loss: 212.39757970495663
INFO:root:epoch: 25/40, matte_loss: 0.22442935452718055
INFO:root:epoch: 25/40, matte_loss: 0.27172881465999843
INFO:root:------save model------25  25.pth
INFO:root:epoch: 26/40, matte_loss: 212.50624607557975
INFO:root:epoch: 26/40, matte_loss: 0.22464433595289168
INFO:root:epoch: 26/40, matte_loss: 0.27145499344339075
INFO:root:------save model------26  26.pth
INFO:root:epoch: 27/40, matte_loss: 212.42111288118608
INFO:root:epoch: 27/40, matte_loss: 0.22439581368726383
INFO:root:epoch: 27/40, matte_loss: 0.2717027273088683
INFO:root:------save model------27  27.pth
INFO:root:epoch: 28/40, matte_loss: 212.45565309087618
INFO:root:epoch: 28/40, matte_loss: 0.22427849161150276
INFO:root:epoch: 28/40, matte_loss: 0.27124277834171
INFO:root:------save model------28  28.pth
INFO:root:epoch: 29/40, matte_loss: 212.53332576440656
INFO:root:epoch: 29/40, matte_loss: 0.22402027071878405
INFO:root:epoch: 29/40, matte_loss: 0.27122982450218924
INFO:root:------save model------29  29.pth
INFO:root:epoch: 30/40, matte_loss: 212.58031506759605
INFO:root:epoch: 30/40, matte_loss: 0.22407853357040963
INFO:root:epoch: 30/40, matte_loss: 0.2710840529896295
INFO:root:------save model------30  30.pth
INFO:root:epoch: 31/40, matte_loss: 212.33557866519556
INFO:root:epoch: 31/40, matte_loss: 0.2237560689724767
INFO:root:epoch: 31/40, matte_loss: 0.27060106552414226
INFO:root:------save model------31  31.pth
INFO:root:epoch: 32/40, matte_loss: 212.18240095211482
INFO:root:epoch: 32/40, matte_loss: 0.22400190181953392
INFO:root:epoch: 32/40, matte_loss: 0.27089666824428965
INFO:root:------save model------32  32.pth
INFO:root:epoch: 33/40, matte_loss: 212.26333802376422
INFO:root:epoch: 33/40, matte_loss: 0.22386233933426247
INFO:root:epoch: 33/40, matte_loss: 0.2705983178941033
INFO:root:------save model------33  33.pth
INFO:root:epoch: 34/40, matte_loss: 212.34865068821478
INFO:root:epoch: 34/40, matte_loss: 0.22372258829341593
INFO:root:epoch: 34/40, matte_loss: 0.27062525748253036
INFO:root:------save model------34  34.pth
INFO:root:epoch: 35/40, matte_loss: 212.3104340929738
INFO:root:epoch: 35/40, matte_loss: 0.22375935135979352
INFO:root:epoch: 35/40, matte_loss: 0.2705727867594064
INFO:root:------save model------35  35.pth
INFO:root:epoch: 36/40, matte_loss: 212.44934154761418
INFO:root:epoch: 36/40, matte_loss: 0.22377517873436542
INFO:root:epoch: 36/40, matte_loss: 0.27038898100494446
INFO:root:------save model------36  36.pth
INFO:root:epoch: 37/40, matte_loss: 212.5355654310765
INFO:root:epoch: 37/40, matte_loss: 0.22392819214769838
INFO:root:epoch: 37/40, matte_loss: 0.27078681988750875
INFO:root:------save model------37  37.pth
INFO:root:epoch: 38/40, matte_loss: 212.38542119323827
INFO:root:epoch: 38/40, matte_loss: 0.22390650688457692
INFO:root:epoch: 38/40, matte_loss: 0.2706295576037947
INFO:root:------save model------38  38.pth
INFO:root:epoch: 39/40, matte_loss: 212.55998208477877
INFO:root:epoch: 39/40, matte_loss: 0.22371581787428227
INFO:root:epoch: 39/40, matte_loss: 0.2703844442131932
INFO:root:------save model------39  39.pth
INFO:root:epoch: 40/40, matte_loss: 212.459313783449
INFO:root:epoch: 40/40, matte_loss: 0.22374925481925603
INFO:root:epoch: 40/40, matte_loss: 0.2705958756080862
INFO:root:------save model------40  40.pth
INFO:root:------------------------------------
INFO:root:batch_size: 64, lr: 0.01, epochs: 40
INFO:root:Epoch: 1/40 - Semantic Loss: 0.0017, Detail Loss: 0.0207, Matte Loss: 2.8042, LR: 0.01
INFO:root:------save model------1  1.pth
INFO:root:------------------------------------
INFO:root:batch_size: 64, lr: 0.01, epochs: 40
INFO:root:Epoch: 1/40 - Semantic Loss: 0.0017, Detail Loss: 0.0208, Matte Loss: 2.8053, LR: 0.01
INFO:root:------save model------1  1.pth
INFO:root:Epoch: 2/40 - Semantic Loss: 0.0001, Detail Loss: 0.0025, Matte Loss: 2.7886, LR: 0.01
INFO:root:------save model------2  2.pth
INFO:root:Epoch: 3/40 - Semantic Loss: 0.0001, Detail Loss: 0.0025, Matte Loss: 2.7894, LR: 0.01
INFO:root:------save model------3  3.pth
ERROR:visdom:Connection to remote host was lost.
ERROR:websocket:Connection to remote host was lost. - goodbye
ERROR:websocket:error from callback <function Visdom.setup_socket.<locals>.on_close at 0x7f1be4a0f1f0>: on_close() takes 1 positional argument but 3 were given
ERROR:visdom:on_close() takes 1 positional argument but 3 were given
ERROR:visdom:[Errno 111] Connection refused
ERROR:websocket:[Errno 111] Connection refused - goodbye
ERROR:websocket:error from callback <function Visdom.setup_socket.<locals>.on_close at 0x7f1be4a0f1f0>: on_close() takes 1 positional argument but 3 were given
ERROR:visdom:on_close() takes 1 positional argument but 3 were given
INFO:websocket:Websocket connected
INFO:visdom:Visdom successfully connected to server
INFO:root:------------------------------------
INFO:root:batch_size: 64, lr: 0.01, epochs: 40
INFO:root:------------------------------------
INFO:root:batch_size: 64, lr: 0.01, epochs: 40
INFO:root:------------------------------------
INFO:root:batch_size: 64, lr: 0.01, epochs: 40
INFO:root:Epoch: 1/40 - Semantic Loss: 0.0017, Detail Loss: 0.0208, Matte Loss: 2.8053, LR: 0.01
INFO:root:------save model------1  1.pth
INFO:root:Epoch: 2/40 - Semantic Loss: 0.0001, Detail Loss: 0.0025, Matte Loss: 2.7901, LR: 0.01
INFO:root:------save model------2  2.pth
INFO:root:Epoch: 3/40 - Semantic Loss: 0.0001, Detail Loss: 0.0025, Matte Loss: 2.7889, LR: 0.01
INFO:root:------save model------3  3.pth
INFO:root:Epoch: 4/40 - Semantic Loss: 0.0001, Detail Loss: 0.0024, Matte Loss: 2.7876, LR: 0.01
INFO:root:------save model------4  4.pth
INFO:root:Epoch: 5/40 - Semantic Loss: 0.0001, Detail Loss: 0.0024, Matte Loss: 2.7877, LR: 0.01
INFO:root:------save model------5  5.pth
INFO:root:Epoch: 6/40 - Semantic Loss: 0.0001, Detail Loss: 0.0024, Matte Loss: 2.7888, LR: 0.01
INFO:root:------save model------6  6.pth
INFO:root:Epoch: 7/40 - Semantic Loss: 0.0001, Detail Loss: 0.0024, Matte Loss: 2.7887, LR: 0.01
INFO:root:------save model------7  7.pth
INFO:root:Epoch: 8/40 - Semantic Loss: 0.0001, Detail Loss: 0.0024, Matte Loss: 2.7887, LR: 0.01
INFO:root:------save model------8  8.pth
INFO:root:Epoch: 9/40 - Semantic Loss: 0.0001, Detail Loss: 0.0023, Matte Loss: 2.7882, LR: 0.01
INFO:root:------save model------9  9.pth
INFO:root:Epoch: 10/40 - Semantic Loss: 0.0001, Detail Loss: 0.0023, Matte Loss: 2.7888, LR: 0.01
INFO:root:------save model------10  10.pth
INFO:root:Epoch: 11/40 - Semantic Loss: 0.0001, Detail Loss: 0.0023, Matte Loss: 2.7882, LR: 0.001
INFO:root:------save model------11  11.pth
INFO:root:Epoch: 12/40 - Semantic Loss: 0.0001, Detail Loss: 0.0023, Matte Loss: 2.7878, LR: 0.001
INFO:root:------save model------12  12.pth
INFO:root:Epoch: 13/40 - Semantic Loss: 0.0001, Detail Loss: 0.0023, Matte Loss: 2.7874, LR: 0.001
INFO:root:------save model------13  13.pth
INFO:root:Epoch: 14/40 - Semantic Loss: 0.0001, Detail Loss: 0.0023, Matte Loss: 2.7883, LR: 0.001
INFO:root:------save model------14  14.pth
INFO:root:Epoch: 15/40 - Semantic Loss: 0.0001, Detail Loss: 0.0023, Matte Loss: 2.7878, LR: 0.001
INFO:root:------save model------15  15.pth
INFO:root:Epoch: 16/40 - Semantic Loss: 0.0001, Detail Loss: 0.0023, Matte Loss: 2.7889, LR: 0.001
INFO:root:------save model------16  16.pth
INFO:root:Epoch: 17/40 - Semantic Loss: 0.0001, Detail Loss: 0.0023, Matte Loss: 2.7886, LR: 0.001
INFO:root:------save model------17  17.pth
INFO:root:Epoch: 18/40 - Semantic Loss: 0.0001, Detail Loss: 0.0023, Matte Loss: 2.7881, LR: 0.001
INFO:root:------save model------18  18.pth
INFO:root:Epoch: 19/40 - Semantic Loss: 0.0001, Detail Loss: 0.0023, Matte Loss: 2.7878, LR: 0.001
INFO:root:------save model------19  19.pth
INFO:root:Epoch: 20/40 - Semantic Loss: 0.0001, Detail Loss: 0.0023, Matte Loss: 2.7884, LR: 0.001
INFO:root:------save model------20  20.pth
INFO:root:Epoch: 21/40 - Semantic Loss: 0.0001, Detail Loss: 0.0023, Matte Loss: 2.7872, LR: 0.0001
INFO:root:------save model------21  21.pth
INFO:root:Epoch: 22/40 - Semantic Loss: 0.0001, Detail Loss: 0.0023, Matte Loss: 2.7883, LR: 0.0001
INFO:root:------save model------22  22.pth
INFO:root:Epoch: 23/40 - Semantic Loss: 0.0001, Detail Loss: 0.0023, Matte Loss: 2.7881, LR: 0.0001
INFO:root:------save model------23  23.pth
INFO:root:Epoch: 24/40 - Semantic Loss: 0.0001, Detail Loss: 0.0023, Matte Loss: 2.7884, LR: 0.0001
INFO:root:------save model------24  24.pth
INFO:root:Epoch: 25/40 - Semantic Loss: 0.0001, Detail Loss: 0.0023, Matte Loss: 2.7876, LR: 0.0001
INFO:root:------save model------25  25.pth
INFO:root:Epoch: 26/40 - Semantic Loss: 0.0001, Detail Loss: 0.0023, Matte Loss: 2.7880, LR: 0.0001
INFO:root:------save model------26  26.pth
INFO:root:Epoch: 27/40 - Semantic Loss: 0.0001, Detail Loss: 0.0023, Matte Loss: 2.7868, LR: 0.0001
INFO:root:------save model------27  27.pth
INFO:root:Epoch: 28/40 - Semantic Loss: 0.0001, Detail Loss: 0.0023, Matte Loss: 2.7886, LR: 0.0001
INFO:root:------save model------28  28.pth
INFO:root:Epoch: 29/40 - Semantic Loss: 0.0001, Detail Loss: 0.0023, Matte Loss: 2.7887, LR: 0.0001
INFO:root:------save model------29  29.pth
INFO:root:Epoch: 30/40 - Semantic Loss: 0.0001, Detail Loss: 0.0023, Matte Loss: 2.7890, LR: 0.0001
INFO:root:------save model------30  30.pth
INFO:root:Epoch: 31/40 - Semantic Loss: 0.0001, Detail Loss: 0.0023, Matte Loss: 2.7890, LR: 1e-05
INFO:root:------save model------31  31.pth
INFO:root:Epoch: 32/40 - Semantic Loss: 0.0001, Detail Loss: 0.0023, Matte Loss: 2.7887, LR: 1e-05
INFO:root:------save model------32  32.pth
INFO:root:Epoch: 33/40 - Semantic Loss: 0.0001, Detail Loss: 0.0023, Matte Loss: 2.7887, LR: 1e-05
INFO:root:------save model------33  33.pth
INFO:root:Epoch: 34/40 - Semantic Loss: 0.0001, Detail Loss: 0.0023, Matte Loss: 2.7872, LR: 1e-05
INFO:root:------save model------34  34.pth
INFO:root:Epoch: 35/40 - Semantic Loss: 0.0001, Detail Loss: 0.0023, Matte Loss: 2.7885, LR: 1e-05
INFO:root:------save model------35  35.pth
INFO:root:Epoch: 36/40 - Semantic Loss: 0.0001, Detail Loss: 0.0023, Matte Loss: 2.7881, LR: 1e-05
INFO:root:------save model------36  36.pth
INFO:root:Epoch: 37/40 - Semantic Loss: 0.0001, Detail Loss: 0.0023, Matte Loss: 2.7885, LR: 1e-05
INFO:root:------save model------37  37.pth
INFO:root:Epoch: 38/40 - Semantic Loss: 0.0001, Detail Loss: 0.0023, Matte Loss: 2.7896, LR: 1e-05
INFO:root:------save model------38  38.pth
INFO:root:Epoch: 39/40 - Semantic Loss: 0.0001, Detail Loss: 0.0023, Matte Loss: 2.7882, LR: 1e-05
INFO:root:------save model------39  39.pth
INFO:root:Epoch: 40/40 - Semantic Loss: 0.0001, Detail Loss: 0.0023, Matte Loss: 2.7878, LR: 1e-05
INFO:root:------save model------40  40.pth
INFO:root:------------------------------------
WARNING:visdom:Setting up a new session...
INFO:websocket:Websocket connected
INFO:visdom:Visdom successfully connected to server
INFO:root:model load ./result/prune/ratio_0.5_thresh_0.5/modnet_p_new_trimap_0027_lr0.0001_ratio_0.5_thresh_0.5.ckpt
INFO:root:batch_size: 64,lr :0.01, epochs: 40
INFO:root:------------------------------------
WARNING:visdom:Setting up a new session...
INFO:websocket:Websocket connected
INFO:visdom:Visdom successfully connected to server
INFO:root:model load ./result/prune/ratio_0.5_thresh_0.5/modnet_p_new_trimap_0027_lr0.0001_ratio_0.5_thresh_0.5.ckpt
INFO:root:batch_size: 64,lr :0.01, epochs: 40
INFO:root:------------------------------------
WARNING:visdom:Setting up a new session...
INFO:websocket:Websocket connected
INFO:visdom:Visdom successfully connected to server
INFO:root:model load ./result/prune/ratio_0.5_thresh_0.5/modnet_p_new_trimap_0027_lr0.0001_ratio_0.5_thresh_0.5.ckpt
INFO:root:batch_size: 32,lr :0.01, epochs: 40
INFO:root:------------------------------------
WARNING:visdom:Setting up a new session...
INFO:websocket:Websocket connected
INFO:visdom:Visdom successfully connected to server
INFO:root:model load ./result/prune/ratio_0.5_thresh_0.5/modnet_p_new_trimap_0027_lr0.0001_ratio_0.5_thresh_0.5.ckpt
INFO:root:batch_size: 64,lr :0.01, epochs: 40
