INFO:root:------------------------------------
WARNING:visdom:Setting up a new session...
INFO:websocket:Websocket connected
INFO:visdom:Visdom successfully connected to server
INFO:root:model load ./result/prune/ratio_0.5_thresh_0.5/modnet_p_new_trimap_0027_lr0.0001_ratio_0.5_thresh_0.5.ckpt
INFO:root:batch_size: 64,lr :0.01, epochs: 40
INFO:root:------------------------------------
WARNING:visdom:Setting up a new session...
INFO:websocket:Websocket connected
INFO:visdom:Visdom successfully connected to server
INFO:root:------------------------------------
INFO:root:model load ./result/prune/ratio_0.5_thresh_0.5/modnet_p_new_trimap_0027_lr0.0001_ratio_0.5_thresh_0.5.ckpt
INFO:root:batch_size: 64,lr :0.01, epochs: 40
INFO:root:------------------------------------
WARNING:visdom:Setting up a new session...
INFO:websocket:Websocket connected
INFO:visdom:Visdom successfully connected to server
INFO:root:------------------------------------
INFO:root:model load ./result/prune/ratio_0.5_thresh_0.5/modnet_p_new_trimap_0027_lr0.0001_ratio_0.5_thresh_0.5.ckpt
INFO:root:batch_size: 64,lr :0.01, epochs: 40
INFO:root:epoch: 1/40, matte_loss: 54.49524233065011
INFO:root:epoch: 1/40, matte_loss: 0.4986926006906492
INFO:root:epoch: 1/40, matte_loss: 0.5630523107029821
INFO:root:------save model------1  1.pth
INFO:root:------------------------------------
WARNING:visdom:Setting up a new session...
INFO:websocket:Websocket connected
INFO:visdom:Visdom successfully connected to server
INFO:root:------------------------------------
INFO:root:Training started at 2024-10-28 08:25:09.977761
INFO:root:Training started
INFO:root:model load ./result/prune/ratio_0.5_thresh_0.5/modnet_p_new_trimap_0027_lr0.0001_ratio_0.5_thresh_0.5.ckpt
INFO:root:batch_size: 64,lr :0.01, epochs: 40
INFO:root:epoch: 1/40, matte_loss: 54.105881569312665
INFO:root:epoch: 1/40, matte_loss: 0.4774425608644099
INFO:root:epoch: 1/40, matte_loss: 0.5470550797175412
INFO:root:------save model------1  1.pth
INFO:root:epoch: 2/40, matte_loss: 34.785256599365354
INFO:root:epoch: 2/40, matte_loss: 0.3219575625132735
INFO:root:epoch: 2/40, matte_loss: 0.33733335027223627
INFO:root:------save model------2  2.pth
INFO:root:epoch: 3/40, matte_loss: 29.391432034493807
INFO:root:epoch: 3/40, matte_loss: 0.27385148643261165
INFO:root:epoch: 3/40, matte_loss: 0.2750747056297995
INFO:root:------save model------3  3.pth
INFO:root:epoch: 4/40, matte_loss: 26.73529319582188
INFO:root:epoch: 4/40, matte_loss: 0.24751413189398963
INFO:root:epoch: 4/40, matte_loss: 0.2479557597052568
INFO:root:------save model------4  4.pth
INFO:root:epoch: 5/40, matte_loss: 24.540201518057124
INFO:root:epoch: 5/40, matte_loss: 0.22071142018095516
INFO:root:epoch: 5/40, matte_loss: 0.2182770192559594
INFO:root:------save model------5  5.pth
INFO:root:epoch: 6/40, matte_loss: 23.491723960047082
INFO:root:epoch: 6/40, matte_loss: 0.2115098076694471
INFO:root:epoch: 6/40, matte_loss: 0.20741936544323103
INFO:root:------save model------6  6.pth
INFO:root:epoch: 7/40, matte_loss: 53.682321915038955
INFO:root:epoch: 7/40, matte_loss: 0.28325606956707305
INFO:root:epoch: 7/40, matte_loss: 0.3322431677588352
INFO:root:------save model------7  7.pth
INFO:root:epoch: 8/40, matte_loss: 47.46645574974904
INFO:root:epoch: 8/40, matte_loss: 0.25926558692445123
INFO:root:epoch: 8/40, matte_loss: 0.3005185587955182
INFO:root:------save model------8  8.pth
INFO:root:epoch: 9/40, matte_loss: 45.20930874255547
INFO:root:epoch: 9/40, matte_loss: 0.24534632478441512
INFO:root:epoch: 9/40, matte_loss: 0.2808658221912621
INFO:root:------save model------9  9.pth
INFO:root:epoch: 10/40, matte_loss: 43.53599786219355
INFO:root:epoch: 10/40, matte_loss: 0.23618106126742916
INFO:root:epoch: 10/40, matte_loss: 0.26760842464202333
INFO:root:------save model------10  10.pth
INFO:root:epoch: 11/40, matte_loss: 39.4344757733431
INFO:root:epoch: 11/40, matte_loss: 0.22198577155309446
INFO:root:epoch: 11/40, matte_loss: 0.24721128878520582
INFO:root:------save model------11  11.pth
INFO:root:epoch: 12/40, matte_loss: 37.579869302462285
INFO:root:epoch: 12/40, matte_loss: 0.21636239024621845
INFO:root:epoch: 12/40, matte_loss: 0.23733099459458007
INFO:root:------save model------12  12.pth
INFO:root:epoch: 13/40, matte_loss: 36.888371970639554
INFO:root:epoch: 13/40, matte_loss: 0.21410197387075458
INFO:root:epoch: 13/40, matte_loss: 0.23357927910427548
INFO:root:------save model------13  13.pth
INFO:root:epoch: 14/40, matte_loss: 36.323380600896684
INFO:root:epoch: 14/40, matte_loss: 0.2129245318986036
INFO:root:epoch: 14/40, matte_loss: 0.23139315666716914
INFO:root:------save model------14  14.pth
INFO:root:epoch: 15/40, matte_loss: 35.938890577429625
INFO:root:epoch: 15/40, matte_loss: 0.21107219551460235
INFO:root:epoch: 15/40, matte_loss: 0.2287987144220443
INFO:root:------save model------15  15.pth
INFO:root:epoch: 16/40, matte_loss: 35.597154842124354
INFO:root:epoch: 16/40, matte_loss: 0.20964704009134377
INFO:root:epoch: 16/40, matte_loss: 0.22697586883402243
INFO:root:------save model------16  16.pth
INFO:root:epoch: 17/40, matte_loss: 35.23979969488956
INFO:root:epoch: 17/40, matte_loss: 0.20871469977906856
INFO:root:epoch: 17/40, matte_loss: 0.22495441541192204
INFO:root:------save model------17  17.pth
INFO:root:epoch: 18/40, matte_loss: 34.86670857616823
INFO:root:epoch: 18/40, matte_loss: 0.20776713311714573
INFO:root:epoch: 18/40, matte_loss: 0.22330251484367977
INFO:root:------save model------18  18.pth
INFO:root:epoch: 19/40, matte_loss: 34.79519332599559
INFO:root:epoch: 19/40, matte_loss: 0.20679456273036895
INFO:root:epoch: 19/40, matte_loss: 0.22235333521313588
INFO:root:------save model------19  19.pth
INFO:root:epoch: 20/40, matte_loss: 34.54983419767437
INFO:root:epoch: 20/40, matte_loss: 0.20603595658151835
INFO:root:epoch: 20/40, matte_loss: 0.22097964604949816
INFO:root:------save model------20  20.pth
INFO:root:epoch: 21/40, matte_loss: 33.938869490377556
INFO:root:epoch: 21/40, matte_loss: 0.2039136339479418
INFO:root:epoch: 21/40, matte_loss: 0.21817392837348862
INFO:root:------save model------21  21.pth
INFO:root:epoch: 22/40, matte_loss: 33.73837344489552
INFO:root:epoch: 22/40, matte_loss: 0.20361488874321215
INFO:root:epoch: 22/40, matte_loss: 0.21726128646432719
INFO:root:------save model------22  22.pth
INFO:root:epoch: 23/40, matte_loss: 33.67046739964851
INFO:root:epoch: 23/40, matte_loss: 0.20302626209938535
INFO:root:epoch: 23/40, matte_loss: 0.21622174119347787
INFO:root:------save model------23  23.pth
INFO:root:epoch: 24/40, matte_loss: 33.45067561044495
INFO:root:epoch: 24/40, matte_loss: 0.202947171310965
INFO:root:epoch: 24/40, matte_loss: 0.21594611982673978
INFO:root:------save model------24  24.pth
INFO:root:epoch: 25/40, matte_loss: 33.504921441393364
INFO:root:epoch: 25/40, matte_loss: 0.20298896823144585
INFO:root:epoch: 25/40, matte_loss: 0.21616392863838912
INFO:root:------save model------25  25.pth
INFO:root:epoch: 26/40, matte_loss: 33.50962651308623
INFO:root:epoch: 26/40, matte_loss: 0.20288015935932735
INFO:root:epoch: 26/40, matte_loss: 0.2159693700545378
INFO:root:------save model------26  26.pth
INFO:root:epoch: 27/40, matte_loss: 33.492094298063456
INFO:root:epoch: 27/40, matte_loss: 0.20317427221984835
INFO:root:epoch: 27/40, matte_loss: 0.2164550009842197
INFO:root:------save model------27  27.pth
INFO:root:epoch: 28/40, matte_loss: 33.526497796972166
INFO:root:epoch: 28/40, matte_loss: 0.20285292051324796
INFO:root:epoch: 28/40, matte_loss: 0.2157611741016499
INFO:root:------save model------28  28.pth
INFO:root:epoch: 29/40, matte_loss: 33.36947291232672
INFO:root:epoch: 29/40, matte_loss: 0.2021479752145088
INFO:root:epoch: 29/40, matte_loss: 0.21485168241658106
INFO:root:------save model------29  29.pth
INFO:root:epoch: 30/40, matte_loss: 33.42301625453396
INFO:root:epoch: 30/40, matte_loss: 0.20227649744385595
INFO:root:epoch: 30/40, matte_loss: 0.2150112863818042
INFO:root:------save model------30  30.pth
INFO:root:epoch: 31/40, matte_loss: 33.31365379053562
INFO:root:epoch: 31/40, matte_loss: 0.2022065011719566
INFO:root:epoch: 31/40, matte_loss: 0.2148255567412556
INFO:root:------save model------31  31.pth
INFO:root:epoch: 32/40, matte_loss: 33.19902818711963
INFO:root:epoch: 32/40, matte_loss: 0.20231493477204546
INFO:root:epoch: 32/40, matte_loss: 0.21503164177044284
INFO:root:------save model------32  32.pth
INFO:root:epoch: 33/40, matte_loss: 33.27778132181739
INFO:root:epoch: 33/40, matte_loss: 0.20224135848293087
INFO:root:epoch: 33/40, matte_loss: 0.21467478666520745
INFO:root:------save model------33  33.pth
INFO:root:epoch: 34/40, matte_loss: 33.3349066419049
INFO:root:epoch: 34/40, matte_loss: 0.20241477813336048
INFO:root:epoch: 34/40, matte_loss: 0.21519789809272402
INFO:root:------save model------34  34.pth
INFO:root:epoch: 35/40, matte_loss: 33.28542534532006
INFO:root:epoch: 35/40, matte_loss: 0.2019780674617004
INFO:root:epoch: 35/40, matte_loss: 0.21448478818617564
INFO:root:------save model------35  35.pth
INFO:root:epoch: 36/40, matte_loss: 33.226552863955476
INFO:root:epoch: 36/40, matte_loss: 0.20233527317314853
INFO:root:epoch: 36/40, matte_loss: 0.21492756927530224
INFO:root:------save model------36  36.pth
INFO:root:epoch: 37/40, matte_loss: 33.32087226940402
INFO:root:epoch: 37/40, matte_loss: 0.20223796209843342
INFO:root:epoch: 37/40, matte_loss: 0.21469798518904745
INFO:root:------save model------37  37.pth
INFO:root:epoch: 38/40, matte_loss: 33.16773298211189
INFO:root:epoch: 38/40, matte_loss: 0.2021315976310132
INFO:root:epoch: 38/40, matte_loss: 0.2146393502317766
INFO:root:------save model------38  38.pth
INFO:root:epoch: 39/40, matte_loss: 33.235344306002524
INFO:root:epoch: 39/40, matte_loss: 0.20229832527268077
INFO:root:epoch: 39/40, matte_loss: 0.21467501506495323
INFO:root:------save model------39  39.pth
INFO:root:epoch: 40/40, matte_loss: 33.25790909168859
INFO:root:epoch: 40/40, matte_loss: 0.20187682427026402
INFO:root:epoch: 40/40, matte_loss: 0.21440808426300176
INFO:root:------save model------40  40.pth
INFO:root:Training ended at 2024-10-28 19:30:54.215387
INFO:root:Total training time: 11:05:44.237626
INFO:root:------------------------------------
WARNING:visdom:Setting up a new session...
INFO:websocket:Websocket connected
INFO:visdom:Visdom successfully connected to server
INFO:root:------------------------------------
INFO:root:Training started at 2024-10-28 20:49:28.969678
INFO:root:Training started
INFO:root:model load ./result/prune/ratio_0.5_thresh_0.5/modnet_p_new_trimap_0027_lr0.0001_ratio_0.5_thresh_0.5.ckpt
INFO:root:batch_size: 64,lr :0.01, epochs: 40
INFO:root:------------------------------------
WARNING:visdom:Setting up a new session...
INFO:websocket:Websocket connected
INFO:visdom:Visdom successfully connected to server
INFO:root:------------------------------------
INFO:root:Training started at 2024-10-28 20:50:04.699737
INFO:root:Training started
INFO:root:model load ./result/prune/ratio_0.5_thresh_0.5/modnet_p_new_trimap_0027_lr0.0001_ratio_0.5_thresh_0.5.ckpt
INFO:root:batch_size: 32,lr :0.01, epochs: 40
INFO:root:------------------------------------
WARNING:visdom:Setting up a new session...
INFO:websocket:Websocket connected
INFO:visdom:Visdom successfully connected to server
INFO:root:------------------------------------
INFO:root:Training started at 2024-10-28 21:03:17.713580
INFO:root:Training started
INFO:root:model load ./result/prune/ratio_0.5_thresh_0.5/modnet_p_new_trimap_0027_lr0.0001_ratio_0.5_thresh_0.5.ckpt
INFO:root:batch_size: 64,lr :0.01, epochs: 40
INFO:root:epoch: 1/40, matte_loss: 50.28692425597875
INFO:root:epoch: 1/40, matte_loss: 0.4736509230768926
INFO:root:epoch: 1/40, matte_loss: 0.5297929161647236
INFO:root:------save model------1  1.pth
INFO:root:epoch: 2/40, matte_loss: 30.35466453622611
INFO:root:epoch: 2/40, matte_loss: 0.3179284023768358
INFO:root:epoch: 2/40, matte_loss: 0.32112471746610427
INFO:root:------save model------2  2.pth
INFO:root:epoch: 3/40, matte_loss: 24.714807636111804
INFO:root:epoch: 3/40, matte_loss: 0.27114595971636174
INFO:root:epoch: 3/40, matte_loss: 0.26629906882185755
INFO:root:------save model------3  3.pth
INFO:root:epoch: 4/40, matte_loss: 22.285223375447227
INFO:root:epoch: 4/40, matte_loss: 0.24921245416513807
INFO:root:epoch: 4/40, matte_loss: 0.24113936539058917
INFO:root:------save model------4  4.pth
INFO:root:epoch: 5/40, matte_loss: 19.943858270098502
INFO:root:epoch: 5/40, matte_loss: 0.2279390562550769
INFO:root:epoch: 5/40, matte_loss: 0.21868756063965591
INFO:root:------save model------5  5.pth
INFO:root:epoch: 6/40, matte_loss: 17.758777558734717
INFO:root:epoch: 6/40, matte_loss: 0.20944125422917959
INFO:root:epoch: 6/40, matte_loss: 0.19865834045766004
INFO:root:------save model------6  6.pth
INFO:root:epoch: 7/40, matte_loss: 16.613076214673953
INFO:root:epoch: 7/40, matte_loss: 0.19892156332752428
INFO:root:epoch: 7/40, matte_loss: 0.18832427203422247
INFO:root:------save model------7  7.pth
INFO:root:epoch: 8/40, matte_loss: 15.502964656659705
INFO:root:epoch: 8/40, matte_loss: 0.188437399335931
INFO:root:epoch: 8/40, matte_loss: 0.1758925278049542
INFO:root:------save model------8  8.pth
INFO:root:epoch: 9/40, matte_loss: 15.007923719219667
INFO:root:epoch: 9/40, matte_loss: 0.1825581894394516
INFO:root:epoch: 9/40, matte_loss: 0.16960227612853473
INFO:root:------save model------9  9.pth
INFO:root:epoch: 10/40, matte_loss: 14.078195488092296
INFO:root:epoch: 10/40, matte_loss: 0.17725108463817568
INFO:root:epoch: 10/40, matte_loss: 0.1636041880829502
INFO:root:------save model------10  10.pth
INFO:root:epoch: 11/40, matte_loss: 11.682072502683368
INFO:root:epoch: 11/40, matte_loss: 0.16902790124334166
INFO:root:epoch: 11/40, matte_loss: 0.15375824466972549
INFO:root:------save model------11  11.pth
INFO:root:epoch: 12/40, matte_loss: 10.46091866057615
INFO:root:epoch: 12/40, matte_loss: 0.1618235766802939
INFO:root:epoch: 12/40, matte_loss: 0.14328504315635035
INFO:root:------save model------12  12.pth
INFO:root:epoch: 13/40, matte_loss: 10.041663185092961
INFO:root:epoch: 13/40, matte_loss: 0.15972942437423232
INFO:root:epoch: 13/40, matte_loss: 0.1403121824383566
INFO:root:------save model------13  13.pth
INFO:root:epoch: 14/40, matte_loss: 9.715698625929468
INFO:root:epoch: 14/40, matte_loss: 0.15792815612302066
INFO:root:epoch: 14/40, matte_loss: 0.13806156536621156
INFO:root:------save model------14  14.pth
INFO:root:epoch: 15/40, matte_loss: 9.420909397492043
INFO:root:epoch: 15/40, matte_loss: 0.15640908430443642
INFO:root:epoch: 15/40, matte_loss: 0.1362178265074084
INFO:root:------save model------15  15.pth
INFO:root:epoch: 16/40, matte_loss: 9.246824485321305
INFO:root:epoch: 16/40, matte_loss: 0.15521973870329256
INFO:root:epoch: 16/40, matte_loss: 0.13465765822882675
INFO:root:------save model------16  16.pth
INFO:root:epoch: 17/40, matte_loss: 9.095239773964577
INFO:root:epoch: 17/40, matte_loss: 0.15425532936054337
INFO:root:epoch: 17/40, matte_loss: 0.1334803373299343
INFO:root:------save model------17  17.pth
INFO:root:epoch: 18/40, matte_loss: 8.89557235216816
INFO:root:epoch: 18/40, matte_loss: 0.15325085205034575
INFO:root:epoch: 18/40, matte_loss: 0.1322887858432832
INFO:root:------save model------18  18.pth
INFO:root:epoch: 19/40, matte_loss: 8.741405762567872
INFO:root:epoch: 19/40, matte_loss: 0.15216110412139966
INFO:root:epoch: 19/40, matte_loss: 0.1311712474234577
INFO:root:------save model------19  19.pth
INFO:root:epoch: 20/40, matte_loss: 8.829788934537385
INFO:root:epoch: 20/40, matte_loss: 0.1527309470837135
INFO:root:epoch: 20/40, matte_loss: 0.13137671232287054
INFO:root:------save model------20  20.pth
INFO:root:epoch: 21/40, matte_loss: 8.934017377977696
INFO:root:epoch: 21/40, matte_loss: 0.15682156490428106
INFO:root:epoch: 21/40, matte_loss: 0.13445559652904795
INFO:root:------save model------21  21.pth
INFO:root:epoch: 22/40, matte_loss: 8.861458278277674
INFO:root:epoch: 22/40, matte_loss: 0.15657768132695934
INFO:root:epoch: 22/40, matte_loss: 0.13402218514075073
INFO:root:------save model------22  22.pth
INFO:root:epoch: 23/40, matte_loss: 8.814495574980816
INFO:root:epoch: 23/40, matte_loss: 0.1561052140004684
INFO:root:epoch: 23/40, matte_loss: 0.13349582909923458
INFO:root:------save model------23  23.pth
INFO:root:epoch: 24/40, matte_loss: 8.799352933171482
INFO:root:epoch: 24/40, matte_loss: 0.15593462468633942
INFO:root:epoch: 24/40, matte_loss: 0.13334190682392216
INFO:root:------save model------24  24.pth
INFO:root:epoch: 25/40, matte_loss: 8.749795238097551
INFO:root:epoch: 25/40, matte_loss: 0.1558613764134043
INFO:root:epoch: 25/40, matte_loss: 0.1332279869700122
INFO:root:------save model------25  25.pth
INFO:root:epoch: 26/40, matte_loss: 8.732429580373774
INFO:root:epoch: 26/40, matte_loss: 0.15567837122830416
INFO:root:epoch: 26/40, matte_loss: 0.13312915514548282
INFO:root:------save model------26  26.pth
INFO:root:epoch: 27/40, matte_loss: 8.714477532575676
INFO:root:epoch: 27/40, matte_loss: 0.15539204784124222
INFO:root:epoch: 27/40, matte_loss: 0.13267893890645713
INFO:root:------save model------27  27.pth
INFO:root:epoch: 28/40, matte_loss: 8.722203325398144
INFO:root:epoch: 28/40, matte_loss: 0.15555028214404662
INFO:root:epoch: 28/40, matte_loss: 0.13286148296045597
INFO:root:------save model------28  28.pth
INFO:root:epoch: 29/40, matte_loss: 8.72449504938003
INFO:root:epoch: 29/40, matte_loss: 0.15517366264484075
INFO:root:epoch: 29/40, matte_loss: 0.1326918121382287
INFO:root:------save model------29  29.pth
INFO:root:epoch: 30/40, matte_loss: 8.638195660326685
INFO:root:epoch: 30/40, matte_loss: 0.15510799877170814
INFO:root:epoch: 30/40, matte_loss: 0.13240115070753938
INFO:root:------save model------30  30.pth
INFO:root:epoch: 31/40, matte_loss: 8.640919301954748
INFO:root:epoch: 31/40, matte_loss: 0.1548095847180149
INFO:root:epoch: 31/40, matte_loss: 0.1322597054223177
INFO:root:------save model------31  31.pth
INFO:root:epoch: 32/40, matte_loss: 8.605917911767408
INFO:root:epoch: 32/40, matte_loss: 0.15484345387124643
INFO:root:epoch: 32/40, matte_loss: 0.13208810566754398
INFO:root:------save model------32  32.pth
INFO:root:epoch: 33/40, matte_loss: 8.581779020107017
INFO:root:epoch: 33/40, matte_loss: 0.1548843096462479
INFO:root:epoch: 33/40, matte_loss: 0.1321406762493614
INFO:root:------save model------33  33.pth
INFO:root:epoch: 34/40, matte_loss: 8.5884694720492
INFO:root:epoch: 34/40, matte_loss: 0.15479195386955055
INFO:root:epoch: 34/40, matte_loss: 0.13206037693652348
INFO:root:------save model------34  34.pth
INFO:root:epoch: 35/40, matte_loss: 8.61962101113001
INFO:root:epoch: 35/40, matte_loss: 0.1548264367186862
INFO:root:epoch: 35/40, matte_loss: 0.13211161186276554
INFO:root:------save model------35  35.pth
INFO:root:epoch: 36/40, matte_loss: 8.599949872783135
INFO:root:epoch: 36/40, matte_loss: 0.15471337741477828
INFO:root:epoch: 36/40, matte_loss: 0.13196906717474272
INFO:root:------save model------36  36.pth
INFO:root:epoch: 37/40, matte_loss: 8.631077339269709
INFO:root:epoch: 37/40, matte_loss: 0.15473176795769517
INFO:root:epoch: 37/40, matte_loss: 0.132060339445329
INFO:root:------save model------37  37.pth
INFO:root:epoch: 38/40, matte_loss: 8.616724059667488
INFO:root:epoch: 38/40, matte_loss: 0.1548729423160831
INFO:root:epoch: 38/40, matte_loss: 0.13214086548987228
INFO:root:------save model------38  38.pth
INFO:root:epoch: 39/40, matte_loss: 8.585338040131232
INFO:root:epoch: 39/40, matte_loss: 0.15465092118339668
INFO:root:epoch: 39/40, matte_loss: 0.13185057847865864
INFO:root:------save model------39  39.pth
INFO:root:epoch: 40/40, matte_loss: 8.59488505184751
INFO:root:epoch: 40/40, matte_loss: 0.1547184535795353
INFO:root:epoch: 40/40, matte_loss: 0.13214418850706755
INFO:root:------save model------40  40.pth
INFO:root:Training ended at 2024-10-29 05:58:47.186890
INFO:root:Total training time: 8:55:29.473310
INFO:root:------------------------------------
WARNING:visdom:Setting up a new session...
INFO:websocket:Websocket connected
INFO:visdom:Visdom successfully connected to server
INFO:root:------------------------------------
INFO:root:Training started at 2024-11-01 19:19:24.676691
INFO:root:Training started
INFO:root:model load ./result/prune/ratio_0.5_thresh_0.5/modnet_p_new_trimap_0027_lr0.0001_ratio_0.5_thresh_0.5.ckpt
INFO:root:batch_size: 64,lr :0.01, epochs: 40
INFO:root:------------------------------------
WARNING:visdom:Setting up a new session...
INFO:websocket:Websocket connected
INFO:visdom:Visdom successfully connected to server
INFO:root:------------------------------------
INFO:root:Training started at 2024-11-01 19:20:24.625611
INFO:root:Training started
INFO:root:model load ./result/prune/ratio_0.5_thresh_0.5/modnet_p_new_trimap_0027_lr0.0001_ratio_0.5_thresh_0.5.ckpt
INFO:root:batch_size: 64,lr :0.01, epochs: 40
INFO:root:------------------------------------
WARNING:visdom:Setting up a new session...
INFO:websocket:Websocket connected
INFO:visdom:Visdom successfully connected to server
INFO:root:------------------------------------
INFO:root:Training started at 2024-11-01 19:24:37.696186
INFO:root:Training started
INFO:root:model load ./result/prune/ratio_0.5_thresh_0.5/modnet_p_new_trimap_0027_lr0.0001_ratio_0.5_thresh_0.5.ckpt
INFO:root:batch_size: 64,lr :0.01, epochs: 40
INFO:root:------------------------------------
WARNING:visdom:Setting up a new session...
INFO:websocket:Websocket connected
INFO:visdom:Visdom successfully connected to server
INFO:root:------------------------------------
INFO:root:Training started at 2024-11-02 13:36:01.818430
INFO:root:Training started
INFO:root:model load ./result/prune/ratio_0.5_thresh_0.5/modnet_p_new_trimap_0027_lr0.0001_ratio_0.5_thresh_0.5.ckpt
INFO:root:batch_size: 32,lr :0.01, epochs: 40
INFO:root:epoch: 1/40, matte_loss: 109.20161110444549
INFO:root:epoch: 1/40, matte_loss: 0.43721973522040836
INFO:root:epoch: 1/40, matte_loss: 0.49133245885329785
INFO:root:------save model------1  1.pth
INFO:root:epoch: 2/40, matte_loss: 76.59806704398284
INFO:root:epoch: 2/40, matte_loss: 0.2821016379238404
INFO:root:epoch: 2/40, matte_loss: 0.301961778969346
INFO:root:------save model------2  2.pth
INFO:root:epoch: 3/40, matte_loss: 102.41995727087159
INFO:root:epoch: 3/40, matte_loss: 0.27498057658376535
INFO:root:epoch: 3/40, matte_loss: 0.3088056564839591
INFO:root:------save model------3  3.pth
INFO:root:epoch: 4/40, matte_loss: 118.06722538497391
INFO:root:epoch: 4/40, matte_loss: 0.28252925006278756
INFO:root:epoch: 4/40, matte_loss: 0.34121018411360554
INFO:root:------save model------4  4.pth
INFO:root:epoch: 5/40, matte_loss: 137.95623842987817
INFO:root:epoch: 5/40, matte_loss: 0.2679877886558571
INFO:root:epoch: 5/40, matte_loss: 0.3256319892012348
INFO:root:------save model------5  5.pth
INFO:root:epoch: 6/40, matte_loss: 230.5437816005244
INFO:root:epoch: 6/40, matte_loss: 0.2855834555697958
INFO:root:epoch: 6/40, matte_loss: 0.39068698386174694
INFO:root:------save model------6  6.pth
INFO:root:epoch: 7/40, matte_loss: 227.52696690606956
INFO:root:epoch: 7/40, matte_loss: 0.27182592492361235
INFO:root:epoch: 7/40, matte_loss: 0.3594517053031769
INFO:root:------save model------7  7.pth
INFO:root:epoch: 8/40, matte_loss: 230.57678392689994
INFO:root:epoch: 8/40, matte_loss: 0.25948466543853815
INFO:root:epoch: 8/40, matte_loss: 0.3365945880136751
INFO:root:------save model------8  8.pth
INFO:root:epoch: 9/40, matte_loss: 232.6771154273798
INFO:root:epoch: 9/40, matte_loss: 0.25059710936723467
INFO:root:epoch: 9/40, matte_loss: 0.3221006922415894
INFO:root:------save model------9  9.pth
INFO:root:epoch: 10/40, matte_loss: 231.53466510140743
INFO:root:epoch: 10/40, matte_loss: 0.24446615799228533
INFO:root:epoch: 10/40, matte_loss: 0.31218512482355804
INFO:root:------save model------10  10.pth
INFO:root:epoch: 11/40, matte_loss: 213.94331951201534
INFO:root:epoch: 11/40, matte_loss: 0.22672031625941094
INFO:root:epoch: 11/40, matte_loss: 0.28182427911435504
INFO:root:------save model------11  11.pth
INFO:root:epoch: 12/40, matte_loss: 213.64085778207848
INFO:root:epoch: 12/40, matte_loss: 0.2246214508840803
INFO:root:epoch: 12/40, matte_loss: 0.27859696991135124
INFO:root:------save model------12  12.pth
INFO:root:epoch: 13/40, matte_loss: 213.51437487997515
INFO:root:epoch: 13/40, matte_loss: 0.2234766475413984
INFO:root:epoch: 13/40, matte_loss: 0.27648838932854064
INFO:root:------save model------13  13.pth
INFO:root:epoch: 14/40, matte_loss: 213.4403159858237
INFO:root:epoch: 14/40, matte_loss: 0.22298954509879362
INFO:root:epoch: 14/40, matte_loss: 0.27506742274426416
INFO:root:------save model------14  14.pth
INFO:root:epoch: 15/40, matte_loss: 213.58494663310037
INFO:root:epoch: 15/40, matte_loss: 0.2221800161507729
INFO:root:epoch: 15/40, matte_loss: 0.2740059263217589
INFO:root:------save model------15  15.pth
INFO:root:epoch: 16/40, matte_loss: 213.57792041309568
INFO:root:epoch: 16/40, matte_loss: 0.2213213221165704
INFO:root:epoch: 16/40, matte_loss: 0.272855707055896
INFO:root:------save model------16  16.pth
INFO:root:epoch: 17/40, matte_loss: 213.7015184338221
INFO:root:epoch: 17/40, matte_loss: 0.22059599123961385
INFO:root:epoch: 17/40, matte_loss: 0.27186409700522846
INFO:root:------save model------17  17.pth
INFO:root:epoch: 18/40, matte_loss: 213.29156736985055
INFO:root:epoch: 18/40, matte_loss: 0.22029055041051446
INFO:root:epoch: 18/40, matte_loss: 0.27083742898255536
INFO:root:------save model------18  18.pth
INFO:root:epoch: 19/40, matte_loss: 213.44292420760152
INFO:root:epoch: 19/40, matte_loss: 0.21949388999511796
INFO:root:epoch: 19/40, matte_loss: 0.269927816520456
INFO:root:------save model------19  19.pth
INFO:root:epoch: 20/40, matte_loss: 213.4432619252728
INFO:root:epoch: 20/40, matte_loss: 0.2187770975523897
INFO:root:epoch: 20/40, matte_loss: 0.2685591219330105
INFO:root:------save model------20  20.pth
INFO:root:epoch: 21/40, matte_loss: 212.22554119945715
INFO:root:epoch: 21/40, matte_loss: 0.21665923375804527
INFO:root:epoch: 21/40, matte_loss: 0.2646749802662137
INFO:root:------save model------21  21.pth
INFO:root:------------------------------------
WARNING:visdom:Setting up a new session...
INFO:websocket:Websocket connected
INFO:visdom:Visdom successfully connected to server
INFO:root:------------------------------------
INFO:root:Training started at 2024-11-03 15:08:31.649063
INFO:root:Training started
INFO:root:model load ./result/prune/ratio_0.5_thresh_0.5/modnet_p_new_trimap_0027_lr0.0001_ratio_0.5_thresh_0.5.ckpt
INFO:root:batch_size: 64,lr :0.01, epochs: 40
INFO:root:------------------------------------
WARNING:visdom:Setting up a new session...
INFO:websocket:Websocket connected
INFO:visdom:Visdom successfully connected to server
INFO:root:------------------------------------
INFO:root:Training started at 2024-11-03 15:11:48.094686
INFO:root:Training started
INFO:root:model load ./result/prune/ratio_0.5_thresh_0.5/modnet_p_new_trimap_0027_lr0.0001_ratio_0.5_thresh_0.5.ckpt
INFO:root:batch_size: 64,lr :0.01, epochs: 40
INFO:root:epoch: 1/40, matte_loss: 50.44404500388218
INFO:root:epoch: 1/40, matte_loss: 0.47403005195494313
INFO:root:epoch: 1/40, matte_loss: 0.5259692985789524
INFO:root:------save model------1  1.pth
INFO:root:epoch: 2/40, matte_loss: 29.96475119872367
INFO:root:epoch: 2/40, matte_loss: 0.2796692200264527
INFO:root:epoch: 2/40, matte_loss: 0.2867027745445146
INFO:root:------save model------2  2.pth
INFO:root:epoch: 3/40, matte_loss: 24.126229547242175
INFO:root:epoch: 3/40, matte_loss: 0.24088659864541226
INFO:root:epoch: 3/40, matte_loss: 0.24380297560639302
INFO:root:------save model------3  3.pth
INFO:root:------------------------------------
WARNING:visdom:Setting up a new session...
INFO:websocket:Websocket connected
INFO:visdom:Visdom successfully connected to server
INFO:root:------------------------------------
INFO:root:Training started at 2024-11-03 16:04:43.635729
INFO:root:Training started
INFO:root:model load ./result/prune/ratio_0.5_thresh_0.5/modnet_p_new_trimap_0027_lr0.0001_ratio_0.5_thresh_0.5.ckpt
INFO:root:batch_size: 64,lr :0.01, epochs: 40
INFO:root:epoch: 1/40, matte_loss: 49.36852669493476
INFO:root:epoch: 1/40, matte_loss: 0.47676438514696595
INFO:root:epoch: 1/40, matte_loss: 0.526393106412447
INFO:root:------save model------1  1.pth
INFO:root:epoch: 2/40, matte_loss: 29.67065198615712
INFO:root:epoch: 2/40, matte_loss: 0.3122642244124294
INFO:root:epoch: 2/40, matte_loss: 0.313909962815686
INFO:root:------save model------2  2.pth
INFO:root:epoch: 3/40, matte_loss: 23.459304838835155
INFO:root:epoch: 3/40, matte_loss: 0.2682447021386262
INFO:root:epoch: 3/40, matte_loss: 0.2625141930160746
INFO:root:------save model------3  3.pth
INFO:root:epoch: 4/40, matte_loss: 20.56822106770128
INFO:root:epoch: 4/40, matte_loss: 0.24524236864965693
INFO:root:epoch: 4/40, matte_loss: 0.2358630578528081
INFO:root:------save model------4  4.pth
INFO:root:epoch: 5/40, matte_loss: 18.01998362392081
INFO:root:epoch: 5/40, matte_loss: 0.22895606727403534
INFO:root:epoch: 5/40, matte_loss: 0.21616072069480222
INFO:root:------save model------5  5.pth
INFO:root:epoch: 6/40, matte_loss: 16.687824783292047
INFO:root:epoch: 6/40, matte_loss: 0.21862572374374373
INFO:root:epoch: 6/40, matte_loss: 0.204373431241758
INFO:root:------save model------6  6.pth
INFO:root:epoch: 7/40, matte_loss: 15.665934372922324
INFO:root:epoch: 7/40, matte_loss: 0.2088905710782578
INFO:root:epoch: 7/40, matte_loss: 0.19340511587764153
INFO:root:------save model------7  7.pth
ERROR:visdom:Connection to remote host was lost.
ERROR:visdom:Connection to remote host was lost.
ERROR:websocket:Connection to remote host was lost. - goodbye
ERROR:websocket:Connection to remote host was lost. - goodbye
ERROR:websocket:error from callback <function Visdom.setup_socket.<locals>.on_close at 0x7f2161153dc0>: on_close() takes 1 positional argument but 3 were given
ERROR:websocket:error from callback <function Visdom.setup_socket.<locals>.on_close at 0x7f2161178700>: on_close() takes 1 positional argument but 3 were given
ERROR:visdom:on_close() takes 1 positional argument but 3 were given
ERROR:visdom:on_close() takes 1 positional argument but 3 were given
ERROR:visdom:[Errno 111] Connection refused
ERROR:visdom:[Errno 111] Connection refused
ERROR:websocket:[Errno 111] Connection refused - goodbye
ERROR:websocket:[Errno 111] Connection refused - goodbye
ERROR:websocket:error from callback <function Visdom.setup_socket.<locals>.on_close at 0x7f2161153dc0>: on_close() takes 1 positional argument but 3 were given
ERROR:websocket:error from callback <function Visdom.setup_socket.<locals>.on_close at 0x7f2161178700>: on_close() takes 1 positional argument but 3 were given
ERROR:visdom:on_close() takes 1 positional argument but 3 were given
ERROR:visdom:on_close() takes 1 positional argument but 3 were given
ERROR:visdom:[Errno 111] Connection refused
ERROR:visdom:[Errno 111] Connection refused
ERROR:websocket:[Errno 111] Connection refused - goodbye
ERROR:websocket:[Errno 111] Connection refused - goodbye
ERROR:websocket:error from callback <function Visdom.setup_socket.<locals>.on_close at 0x7f2161178700>: on_close() takes 1 positional argument but 3 were given
ERROR:websocket:error from callback <function Visdom.setup_socket.<locals>.on_close at 0x7f2161153dc0>: on_close() takes 1 positional argument but 3 were given
ERROR:visdom:on_close() takes 1 positional argument but 3 were given
ERROR:visdom:on_close() takes 1 positional argument but 3 were given
INFO:websocket:Websocket connected
INFO:visdom:Visdom successfully connected to server
INFO:websocket:Websocket connected
INFO:visdom:Visdom successfully connected to server
INFO:root:------------------------------------
WARNING:visdom:Setting up a new session...
INFO:websocket:Websocket connected
INFO:visdom:Visdom successfully connected to server
INFO:root:------------------------------------
INFO:root:Training started at 2024-11-03 18:11:06.162671
INFO:root:Training started
INFO:root:model load ./result/prune/ratio_0.5_thresh_0.5/modnet_p_new_trimap_0027_lr0.0001_ratio_0.5_thresh_0.5.ckpt
INFO:root:batch_size: 64,lr :0.01, epochs: 40
INFO:root:epoch: 1/40, matte_loss: 50.03367180917902
INFO:root:epoch: 1/40, matte_loss: 0.47056578346491706
INFO:root:epoch: 1/40, matte_loss: 0.5256940104178528
INFO:root:------save model------1  1.pth
INFO:root:epoch: 2/40, matte_loss: 32.019255550611334
INFO:root:epoch: 2/40, matte_loss: 0.3195003181505305
INFO:root:epoch: 2/40, matte_loss: 0.32418053014191994
INFO:root:------save model------2  2.pth
INFO:root:epoch: 3/40, matte_loss: 26.28204516076245
INFO:root:epoch: 3/40, matte_loss: 0.27010764375424334
INFO:root:epoch: 3/40, matte_loss: 0.26903946560032416
INFO:root:------save model------3  3.pth
INFO:root:epoch: 4/40, matte_loss: 22.773763859799423
INFO:root:epoch: 4/40, matte_loss: 0.23682835038325087
INFO:root:epoch: 4/40, matte_loss: 0.23189526629007362
INFO:root:------save model------4  4.pth
INFO:root:epoch: 5/40, matte_loss: 21.002442036346977
INFO:root:epoch: 5/40, matte_loss: 0.22093385277950095
INFO:root:epoch: 5/40, matte_loss: 0.2167463402482916
INFO:root:------save model------5  5.pth
INFO:root:epoch: 6/40, matte_loss: 19.298180902775247
INFO:root:epoch: 6/40, matte_loss: 0.20726236584513597
INFO:root:epoch: 6/40, matte_loss: 0.20058408407090655
INFO:root:------save model------6  6.pth
INFO:root:epoch: 7/40, matte_loss: 18.03358878023716
INFO:root:epoch: 7/40, matte_loss: 0.1984335000983518
INFO:root:epoch: 7/40, matte_loss: 0.19052591038750008
INFO:root:------save model------7  7.pth
INFO:root:epoch: 8/40, matte_loss: 16.611548926559486
INFO:root:epoch: 8/40, matte_loss: 0.1892320946144905
INFO:root:epoch: 8/40, matte_loss: 0.17882012204130068
INFO:root:------save model------8  8.pth
INFO:root:epoch: 9/40, matte_loss: 15.633402394772888
INFO:root:epoch: 9/40, matte_loss: 0.18175304289735117
INFO:root:epoch: 9/40, matte_loss: 0.16991708363064148
INFO:root:------save model------9  9.pth
INFO:root:epoch: 10/40, matte_loss: 14.275983447141485
INFO:root:epoch: 10/40, matte_loss: 0.17585512145284057
INFO:root:epoch: 10/40, matte_loss: 0.16346259843015298
INFO:root:------save model------10  10.pth
INFO:root:epoch: 11/40, matte_loss: 12.425268212276396
INFO:root:epoch: 11/40, matte_loss: 0.16917345991097363
INFO:root:epoch: 11/40, matte_loss: 0.15629633519250447
INFO:root:------save model------11  11.pth
INFO:root:epoch: 12/40, matte_loss: 10.57529687425274
INFO:root:epoch: 12/40, matte_loss: 0.1588942575524611
INFO:root:epoch: 12/40, matte_loss: 0.14136259469608084
INFO:root:------save model------12  12.pth
INFO:root:epoch: 13/40, matte_loss: 10.126241325458357
INFO:root:epoch: 13/40, matte_loss: 0.1561057657988341
INFO:root:epoch: 13/40, matte_loss: 0.13784791737816057
INFO:root:------save model------13  13.pth
INFO:root:epoch: 14/40, matte_loss: 9.737737587055387
INFO:root:epoch: 14/40, matte_loss: 0.15461639703569804
INFO:root:epoch: 14/40, matte_loss: 0.1356741015368433
INFO:root:------save model------14  14.pth
INFO:root:epoch: 15/40, matte_loss: 9.453449128936995
INFO:root:epoch: 15/40, matte_loss: 0.1531026265779199
INFO:root:epoch: 15/40, matte_loss: 0.1337305689184227
INFO:root:------save model------15  15.pth
INFO:root:epoch: 16/40, matte_loss: 9.14331222984307
INFO:root:epoch: 16/40, matte_loss: 0.15163316928226217
INFO:root:epoch: 16/40, matte_loss: 0.13200106752960922
INFO:root:------save model------16  16.pth
INFO:root:epoch: 17/40, matte_loss: 8.924305405863578
INFO:root:epoch: 17/40, matte_loss: 0.15052474688873616
INFO:root:epoch: 17/40, matte_loss: 0.13058245203218818
INFO:root:------save model------17  17.pth
INFO:root:epoch: 18/40, matte_loss: 8.829437735291263
INFO:root:epoch: 18/40, matte_loss: 0.14937573112150246
INFO:root:epoch: 18/40, matte_loss: 0.1292979595673025
INFO:root:------save model------18  18.pth
INFO:root:epoch: 19/40, matte_loss: 8.63060279249054
INFO:root:epoch: 19/40, matte_loss: 0.14850338680806022
INFO:root:epoch: 19/40, matte_loss: 0.1281615793016589
INFO:root:------save model------19  19.pth
INFO:root:epoch: 20/40, matte_loss: 8.502739399257853
INFO:root:epoch: 20/40, matte_loss: 0.14780738403293878
INFO:root:epoch: 20/40, matte_loss: 0.12730455685568431
INFO:root:------save model------20  20.pth
INFO:root:epoch: 21/40, matte_loss: 8.290563839679027
INFO:root:epoch: 21/40, matte_loss: 0.14676285194075522
INFO:root:epoch: 21/40, matte_loss: 0.1260080084670666
INFO:root:------save model------21  21.pth
INFO:root:epoch: 22/40, matte_loss: 8.230927123692794
INFO:root:epoch: 22/40, matte_loss: 0.14626179415767043
INFO:root:epoch: 22/40, matte_loss: 0.12531554450591406
INFO:root:------save model------22  22.pth
INFO:root:epoch: 23/40, matte_loss: 8.221141097280803
INFO:root:epoch: 23/40, matte_loss: 0.14609630283050362
INFO:root:epoch: 23/40, matte_loss: 0.12520486443662948
INFO:root:------save model------23  23.pth
INFO:root:epoch: 24/40, matte_loss: 8.165381645172829
INFO:root:epoch: 24/40, matte_loss: 0.14589334708753002
INFO:root:epoch: 24/40, matte_loss: 0.12504562052455284
INFO:root:------save model------24  24.pth
INFO:root:epoch: 25/40, matte_loss: 8.131476013785507
INFO:root:epoch: 25/40, matte_loss: 0.14584779878118484
INFO:root:epoch: 25/40, matte_loss: 0.1249067649488849
INFO:root:------save model------25  25.pth
INFO:root:epoch: 26/40, matte_loss: 8.136989475682633
INFO:root:epoch: 26/40, matte_loss: 0.14594424051029425
INFO:root:epoch: 26/40, matte_loss: 0.12489698091740294
INFO:root:------save model------26  26.pth
INFO:root:epoch: 27/40, matte_loss: 8.078607890450455
INFO:root:epoch: 27/40, matte_loss: 0.14566494047366396
INFO:root:epoch: 27/40, matte_loss: 0.12466360906611627
INFO:root:------save model------27  27.pth
INFO:root:epoch: 28/40, matte_loss: 8.050858859705535
INFO:root:epoch: 28/40, matte_loss: 0.1456232666704531
INFO:root:epoch: 28/40, matte_loss: 0.12457560494743346
INFO:root:------save model------28  28.pth
INFO:root:epoch: 29/40, matte_loss: 8.070921416933878
INFO:root:epoch: 29/40, matte_loss: 0.14529305947487797
INFO:root:epoch: 29/40, matte_loss: 0.12421072154771205
INFO:root:------save model------29  29.pth
INFO:root:epoch: 30/40, matte_loss: 8.018866482096133
INFO:root:epoch: 30/40, matte_loss: 0.1452682874487831
INFO:root:epoch: 30/40, matte_loss: 0.12414826450084403
INFO:root:------save model------30  30.pth
INFO:root:epoch: 31/40, matte_loss: 8.019482683729944
INFO:root:epoch: 31/40, matte_loss: 0.14525450488609376
INFO:root:epoch: 31/40, matte_loss: 0.12418613184637946
INFO:root:------------------------------------
WARNING:visdom:Setting up a new session...
INFO:websocket:Websocket connected
INFO:visdom:Visdom successfully connected to server
INFO:root:------------------------------------
INFO:root:Training started at 2024-11-04 01:09:15.150827
INFO:root:Training started
INFO:root:model load ./result/prune/ratio_0.5_thresh_0.5/modnet_p_new_trimap_0027_lr0.0001_ratio_0.5_thresh_0.5.ckpt
INFO:root:batch_size: 64,lr :0.01, epochs: 40
INFO:root:------------------------------------
WARNING:visdom:Setting up a new session...
INFO:websocket:Websocket connected
INFO:visdom:Visdom successfully connected to server
INFO:root:------------------------------------
INFO:root:Training started at 2024-11-04 01:09:49.606959
INFO:root:Training started
INFO:root:model load ./result/prune/ratio_0.5_thresh_0.5/modnet_p_new_trimap_0027_lr0.0001_ratio_0.5_thresh_0.5.ckpt
INFO:root:batch_size: 64,lr :0.01, epochs: 40
INFO:root:------------------------------------
WARNING:visdom:Setting up a new session...
INFO:websocket:Websocket connected
INFO:visdom:Visdom successfully connected to server
INFO:root:------------------------------------
INFO:root:Training started at 2024-11-04 01:10:30.600994
INFO:root:Training started
INFO:root:model load ./result/prune/ratio_0.5_thresh_0.5/modnet_p_new_trimap_0027_lr0.0001_ratio_0.5_thresh_0.5.ckpt
INFO:root:batch_size: 64,lr :0.01, epochs: 40
INFO:root:epoch: 1/40, matte_loss: 48.766497435917984
INFO:root:epoch: 1/40, matte_loss: 0.4798148128693207
INFO:root:epoch: 1/40, matte_loss: 0.5261269902920334
INFO:root:------save model------1  1.pth
INFO:root:epoch: 2/40, matte_loss: 31.62697838708578
INFO:root:epoch: 2/40, matte_loss: 0.31362192974543013
INFO:root:epoch: 2/40, matte_loss: 0.31796070896274414
INFO:root:------save model------2  2.pth
INFO:root:epoch: 3/40, matte_loss: 26.16865240637936
INFO:root:epoch: 3/40, matte_loss: 0.26788083121297035
INFO:root:epoch: 3/40, matte_loss: 0.2733608409603521
INFO:root:------save model------3  3.pth
INFO:root:epoch: 4/40, matte_loss: 22.383812728363758
INFO:root:epoch: 4/40, matte_loss: 0.2328159821715521
INFO:root:epoch: 4/40, matte_loss: 0.2290225755727791
INFO:root:------save model------4  4.pth
INFO:root:epoch: 5/40, matte_loss: 20.28337786321256
INFO:root:epoch: 5/40, matte_loss: 0.2145605965569753
INFO:root:epoch: 5/40, matte_loss: 0.20897881996995943
INFO:root:------save model------5  5.pth
INFO:root:epoch: 6/40, matte_loss: 19.11313177548831
INFO:root:epoch: 6/40, matte_loss: 0.20359710713566492
INFO:root:epoch: 6/40, matte_loss: 0.19670860072188795
INFO:root:------save model------6  6.pth
INFO:root:epoch: 7/40, matte_loss: 17.318659814859675
INFO:root:epoch: 7/40, matte_loss: 0.19588101327461643
INFO:root:epoch: 7/40, matte_loss: 0.18768275658882672
INFO:root:------save model------7  7.pth
INFO:root:epoch: 8/40, matte_loss: 16.29290027456926
INFO:root:epoch: 8/40, matte_loss: 0.18720704168822636
INFO:root:epoch: 8/40, matte_loss: 0.1765531219737955
INFO:root:------save model------8  8.pth
INFO:root:epoch: 9/40, matte_loss: 15.107709778712396
INFO:root:epoch: 9/40, matte_loss: 0.1795181097315827
INFO:root:epoch: 9/40, matte_loss: 0.1675053408744069
INFO:root:------save model------9  9.pth
INFO:root:epoch: 10/40, matte_loss: 14.147254742920271
INFO:root:epoch: 10/40, matte_loss: 0.1750053761271441
INFO:root:epoch: 10/40, matte_loss: 0.162236379487301
INFO:root:------save model------10  10.pth
INFO:root:epoch: 11/40, matte_loss: 11.843248389356829
INFO:root:epoch: 11/40, matte_loss: 0.16479862635980366
INFO:root:epoch: 11/40, matte_loss: 0.14997287006160429
INFO:root:------save model------11  11.pth
INFO:root:epoch: 12/40, matte_loss: 10.653867028171744
INFO:root:epoch: 12/40, matte_loss: 0.15875503471135755
INFO:root:epoch: 12/40, matte_loss: 0.14077621682493419
INFO:root:------save model------12  12.pth
INFO:root:epoch: 13/40, matte_loss: 10.319479434035438
INFO:root:epoch: 13/40, matte_loss: 0.15660710107500703
INFO:root:epoch: 13/40, matte_loss: 0.1380590352348258
INFO:root:------save model------13  13.pth
INFO:root:epoch: 14/40, matte_loss: 10.00139761268007
INFO:root:epoch: 14/40, matte_loss: 0.15552731398453337
INFO:root:epoch: 14/40, matte_loss: 0.13629324037340743
INFO:root:------save model------14  14.pth
INFO:root:epoch: 15/40, matte_loss: 9.852514759657273
INFO:root:epoch: 15/40, matte_loss: 0.15462228580091383
INFO:root:epoch: 15/40, matte_loss: 0.13513009437620005
INFO:root:------save model------15  15.pth
INFO:root:epoch: 16/40, matte_loss: 9.61335236774314
INFO:root:epoch: 16/40, matte_loss: 0.1535090960472208
INFO:root:epoch: 16/40, matte_loss: 0.1336361682406536
INFO:root:------save model------16  16.pth
INFO:root:epoch: 17/40, matte_loss: 9.400094935291877
INFO:root:epoch: 17/40, matte_loss: 0.15280436414645424
INFO:root:epoch: 17/40, matte_loss: 0.13267208478005116
INFO:root:------save model------17  17.pth
INFO:root:epoch: 18/40, matte_loss: 9.292893943644916
INFO:root:epoch: 18/40, matte_loss: 0.15194580484745598
INFO:root:epoch: 18/40, matte_loss: 0.13161609062889237
INFO:root:------save model------18  18.pth
INFO:root:epoch: 19/40, matte_loss: 9.129874556976706
INFO:root:epoch: 19/40, matte_loss: 0.15124720819532744
INFO:root:epoch: 19/40, matte_loss: 0.1306464225265602
INFO:root:------save model------19  19.pth
INFO:root:epoch: 20/40, matte_loss: 9.048909636266005
INFO:root:epoch: 20/40, matte_loss: 0.15048983018493178
INFO:root:epoch: 20/40, matte_loss: 0.12979903145194815
INFO:root:------save model------20  20.pth
INFO:root:epoch: 21/40, matte_loss: 8.8462281441455
INFO:root:epoch: 21/40, matte_loss: 0.14962082546847716
INFO:root:epoch: 21/40, matte_loss: 0.12860412079133968
INFO:root:------save model------21  21.pth
INFO:root:epoch: 22/40, matte_loss: 8.78545348064255
INFO:root:epoch: 22/40, matte_loss: 0.14930360035622636
INFO:root:epoch: 22/40, matte_loss: 0.12822557239135954
INFO:root:------save model------22  22.pth
INFO:root:epoch: 23/40, matte_loss: 8.776510368869788
INFO:root:epoch: 23/40, matte_loss: 0.14910653212346672
INFO:root:epoch: 23/40, matte_loss: 0.12800452240769883
INFO:root:------save model------23  23.pth
INFO:root:epoch: 24/40, matte_loss: 8.763589506367833
INFO:root:epoch: 24/40, matte_loss: 0.1491072434871097
INFO:root:epoch: 24/40, matte_loss: 0.1280987983901787
INFO:root:------save model------24  24.pth
INFO:root:epoch: 25/40, matte_loss: 8.711661035525953
INFO:root:epoch: 25/40, matte_loss: 0.1489708576068102
INFO:root:epoch: 25/40, matte_loss: 0.12778451786175973
INFO:root:------save model------25  25.pth
INFO:root:epoch: 26/40, matte_loss: 8.750007246225124
INFO:root:epoch: 26/40, matte_loss: 0.1489442652667255
INFO:root:epoch: 26/40, matte_loss: 0.12768615528083305
INFO:root:------save model------26  26.pth
INFO:root:epoch: 27/40, matte_loss: 8.71672267493128
INFO:root:epoch: 27/40, matte_loss: 0.14883580813402814
INFO:root:epoch: 27/40, matte_loss: 0.12764145581113928
INFO:root:------save model------27  27.pth
INFO:root:epoch: 28/40, matte_loss: 8.671691513127186
INFO:root:epoch: 28/40, matte_loss: 0.14881261952840952
INFO:root:epoch: 28/40, matte_loss: 0.12752077182557622
INFO:root:------save model------28  28.pth
INFO:root:epoch: 29/40, matte_loss: 8.670985768535244
INFO:root:epoch: 29/40, matte_loss: 0.14850851274926186
INFO:root:epoch: 29/40, matte_loss: 0.1272589691094498
INFO:root:------save model------29  29.pth
INFO:root:epoch: 30/40, matte_loss: 8.642975077267362
INFO:root:epoch: 30/40, matte_loss: 0.14849949631821457
INFO:root:epoch: 30/40, matte_loss: 0.12721261780314524
INFO:root:------save model------30  30.pth
INFO:root:epoch: 31/40, matte_loss: 8.623827881476952
INFO:root:epoch: 31/40, matte_loss: 0.1484378511357494
INFO:root:epoch: 31/40, matte_loss: 0.12712378957187698
INFO:root:------save model------31  31.pth
INFO:root:epoch: 32/40, matte_loss: 8.61534294552966
INFO:root:epoch: 32/40, matte_loss: 0.14849466723525617
INFO:root:epoch: 32/40, matte_loss: 0.12708676839412827
INFO:root:------save model------32  32.pth
INFO:root:epoch: 33/40, matte_loss: 8.612299837087967
INFO:root:epoch: 33/40, matte_loss: 0.1484682697911337
INFO:root:epoch: 33/40, matte_loss: 0.12710749969553592
INFO:root:------save model------33  33.pth
INFO:root:epoch: 34/40, matte_loss: 8.616539529128254
INFO:root:epoch: 34/40, matte_loss: 0.14854745084966592
INFO:root:epoch: 34/40, matte_loss: 0.12716489497574832
INFO:root:------save model------34  34.pth
INFO:root:epoch: 35/40, matte_loss: 8.613388834814405
INFO:root:epoch: 35/40, matte_loss: 0.14829755136008455
INFO:root:epoch: 35/40, matte_loss: 0.12704883526425542
INFO:root:------save model------35  35.pth
INFO:root:epoch: 36/40, matte_loss: 8.598411505125785
INFO:root:epoch: 36/40, matte_loss: 0.14834375406781578
INFO:root:epoch: 36/40, matte_loss: 0.12702102509049887
INFO:root:------save model------36  36.pth
INFO:root:epoch: 37/40, matte_loss: 8.613175112354307
INFO:root:epoch: 37/40, matte_loss: 0.14836128853531536
INFO:root:epoch: 37/40, matte_loss: 0.12704975491584236
INFO:root:------save model------37  37.pth
INFO:root:epoch: 38/40, matte_loss: 8.583316088232458
INFO:root:epoch: 38/40, matte_loss: 0.14848315403363174
INFO:root:epoch: 38/40, matte_loss: 0.12708992955315257
INFO:root:------save model------38  38.pth
INFO:root:epoch: 39/40, matte_loss: 8.54794958241644
INFO:root:epoch: 39/40, matte_loss: 0.14829849118701768
INFO:root:epoch: 39/40, matte_loss: 0.1269189540956066
INFO:root:------save model------39  39.pth
INFO:root:epoch: 40/40, matte_loss: 8.654620541027974
INFO:root:epoch: 40/40, matte_loss: 0.14834128917004932
INFO:root:epoch: 40/40, matte_loss: 0.1271291135438978
INFO:root:------save model------40  40.pth
INFO:root:Training ended at 2024-11-04 11:45:10.765731
INFO:root:Total training time: 10:34:40.164737
INFO:root:------------------------------------
WARNING:visdom:Setting up a new session...
INFO:websocket:Websocket connected
INFO:visdom:Visdom successfully connected to server
INFO:root:------------------------------------
INFO:root:Training started at 2024-11-04 12:24:34.325383
INFO:root:Training started
INFO:root:model load ./result/prune/ratio_0.5_thresh_0.5/modnet_p_new_trimap_0027_lr0.0001_ratio_0.5_thresh_0.5.ckpt
INFO:root:batch_size: 64,lr :0.01, epochs: 40
INFO:root:epoch: 1/40, matte_loss: 49.851757825225825
INFO:root:epoch: 1/40, matte_loss: 0.47952813096476854
INFO:root:epoch: 1/40, matte_loss: 0.5329330757355639
INFO:root:------save model------1  1.pth
INFO:root:epoch: 2/40, matte_loss: 32.41028011534641
INFO:root:epoch: 2/40, matte_loss: 0.32323311688676315
INFO:root:epoch: 2/40, matte_loss: 0.3279901371200456
INFO:root:------save model------2  2.pth
INFO:root:epoch: 3/40, matte_loss: 26.606441833809622
INFO:root:epoch: 3/40, matte_loss: 0.2665035869627026
INFO:root:epoch: 3/40, matte_loss: 0.2679153213326441
INFO:root:------save model------3  3.pth
INFO:root:epoch: 4/40, matte_loss: 23.07260392434159
INFO:root:epoch: 4/40, matte_loss: 0.23221456067267257
INFO:root:epoch: 4/40, matte_loss: 0.23083641485449433
INFO:root:------save model------4  4.pth
INFO:root:epoch: 5/40, matte_loss: 20.722488055520643
INFO:root:epoch: 5/40, matte_loss: 0.21392112647334818
INFO:root:epoch: 5/40, matte_loss: 0.20985658629913234
INFO:root:------save model------5  5.pth
INFO:root:epoch: 6/40, matte_loss: 19.0840946574614
INFO:root:epoch: 6/40, matte_loss: 0.20192693424885716
INFO:root:epoch: 6/40, matte_loss: 0.19607734791378476
INFO:root:------save model------6  6.pth
INFO:root:epoch: 7/40, matte_loss: 18.035993444286525
INFO:root:epoch: 7/40, matte_loss: 0.1946765024800121
INFO:root:epoch: 7/40, matte_loss: 0.18812957049136309
INFO:root:------save model------7  7.pth
INFO:root:epoch: 8/40, matte_loss: 16.759948012745372
INFO:root:epoch: 8/40, matte_loss: 0.18527489825394786
INFO:root:epoch: 8/40, matte_loss: 0.17627400180487746
INFO:root:------save model------8  8.pth
INFO:root:epoch: 9/40, matte_loss: 15.939343670826583
INFO:root:epoch: 9/40, matte_loss: 0.17905262954580758
INFO:root:epoch: 9/40, matte_loss: 0.1684791473003254
INFO:root:------save model------9  9.pth
INFO:root:epoch: 10/40, matte_loss: 14.640202955025769
INFO:root:epoch: 10/40, matte_loss: 0.17314661368886544
INFO:root:epoch: 10/40, matte_loss: 0.16131135984969291
INFO:root:------save model------10  10.pth
INFO:root:epoch: 11/40, matte_loss: 12.638033109152452
INFO:root:epoch: 11/40, matte_loss: 0.16525118431578142
INFO:root:epoch: 11/40, matte_loss: 0.15233409310497115
INFO:root:------save model------11  11.pth
INFO:root:epoch: 12/40, matte_loss: 11.259357821320759
INFO:root:epoch: 12/40, matte_loss: 0.15861762667706272
INFO:root:epoch: 12/40, matte_loss: 0.1416108741424316
INFO:root:------save model------12  12.pth
INFO:root:epoch: 13/40, matte_loss: 10.822164149776196
INFO:root:epoch: 13/40, matte_loss: 0.15652425895367605
INFO:root:epoch: 13/40, matte_loss: 0.13877434264961166
INFO:root:------save model------13  13.pth
INFO:root:epoch: 14/40, matte_loss: 10.465635332129976
INFO:root:epoch: 14/40, matte_loss: 0.15548851924028986
INFO:root:epoch: 14/40, matte_loss: 0.13691768134390114
INFO:root:------save model------14  14.pth
INFO:root:epoch: 15/40, matte_loss: 10.259571525854057
INFO:root:epoch: 15/40, matte_loss: 0.15430766567005363
INFO:root:epoch: 15/40, matte_loss: 0.1354207512052159
INFO:root:------save model------15  15.pth
INFO:root:epoch: 16/40, matte_loss: 10.017029815171425
INFO:root:epoch: 16/40, matte_loss: 0.15339275895384244
INFO:root:epoch: 16/40, matte_loss: 0.1342907792702582
INFO:root:------save model------16  16.pth
INFO:root:epoch: 17/40, matte_loss: 9.741762085130018
INFO:root:epoch: 17/40, matte_loss: 0.15225197551685948
INFO:root:epoch: 17/40, matte_loss: 0.13272997374727782
INFO:root:------save model------17  17.pth
INFO:root:epoch: 18/40, matte_loss: 9.640357396937377
INFO:root:epoch: 18/40, matte_loss: 0.1512440859042929
INFO:root:epoch: 18/40, matte_loss: 0.1315665117120099
INFO:root:------save model------18  18.pth
INFO:root:epoch: 19/40, matte_loss: 9.408739093609695
INFO:root:epoch: 19/40, matte_loss: 0.15045636071536925
INFO:root:epoch: 19/40, matte_loss: 0.13039454531822123
INFO:root:------save model------19  19.pth
INFO:root:epoch: 20/40, matte_loss: 9.327238485406404
INFO:root:epoch: 20/40, matte_loss: 0.14994973670254383
INFO:root:epoch: 20/40, matte_loss: 0.12981113748573292
INFO:root:------save model------20  20.pth
INFO:root:epoch: 21/40, matte_loss: 9.096111078233628
INFO:root:epoch: 21/40, matte_loss: 0.14888243092317996
INFO:root:epoch: 21/40, matte_loss: 0.12849247827861185
INFO:root:------save model------21  21.pth
INFO:root:epoch: 22/40, matte_loss: 8.996676215283076
INFO:root:epoch: 22/40, matte_loss: 0.14827754175357982
INFO:root:epoch: 22/40, matte_loss: 0.12763294854546237
INFO:root:------save model------22  22.pth
INFO:root:epoch: 23/40, matte_loss: 8.990379345826355
INFO:root:epoch: 23/40, matte_loss: 0.1481538392873461
INFO:root:epoch: 23/40, matte_loss: 0.12754037716791997
INFO:root:------save model------23  23.pth
INFO:root:epoch: 24/40, matte_loss: 8.932249153316201
INFO:root:epoch: 24/40, matte_loss: 0.14804541144861597
INFO:root:epoch: 24/40, matte_loss: 0.12743273114768341
INFO:root:------save model------24  24.pth
INFO:root:epoch: 25/40, matte_loss: 8.918812274956029
INFO:root:epoch: 25/40, matte_loss: 0.1478949081425389
INFO:root:epoch: 25/40, matte_loss: 0.12723466606748468
INFO:root:------save model------25  25.pth
INFO:root:epoch: 26/40, matte_loss: 8.930457211101551
INFO:root:epoch: 26/40, matte_loss: 0.1478481094360182
INFO:root:epoch: 26/40, matte_loss: 0.1270521457949766
INFO:root:------save model------26  26.pth
INFO:root:epoch: 27/40, matte_loss: 8.860427083095434
INFO:root:epoch: 27/40, matte_loss: 0.14773017020833856
INFO:root:epoch: 27/40, matte_loss: 0.12702699238599915
INFO:root:------save model------27  27.pth
INFO:root:epoch: 28/40, matte_loss: 8.849689547190286
INFO:root:epoch: 28/40, matte_loss: 0.1477031419219154
INFO:root:epoch: 28/40, matte_loss: 0.1269415734069688
INFO:root:------save model------28  28.pth
INFO:root:epoch: 29/40, matte_loss: 8.839549342029368
INFO:root:epoch: 29/40, matte_loss: 0.14730934376147256
INFO:root:epoch: 29/40, matte_loss: 0.12662832430473184
INFO:root:------save model------29  29.pth
INFO:root:epoch: 30/40, matte_loss: 8.829326118570279
INFO:root:epoch: 30/40, matte_loss: 0.14746144783564638
INFO:root:epoch: 30/40, matte_loss: 0.12661143344136613
INFO:root:------save model------30  30.pth
INFO:root:epoch: 31/40, matte_loss: 8.816045404530998
INFO:root:epoch: 31/40, matte_loss: 0.14732377257597895
INFO:root:epoch: 31/40, matte_loss: 0.12659789968676488
INFO:root:------save model------31  31.pth
INFO:root:epoch: 32/40, matte_loss: 8.823338050389955
INFO:root:epoch: 32/40, matte_loss: 0.1475756575367344
INFO:root:epoch: 32/40, matte_loss: 0.12676382464089966
INFO:root:------save model------32  32.pth
INFO:root:epoch: 33/40, matte_loss: 8.770258659173885
INFO:root:epoch: 33/40, matte_loss: 0.14743338045535057
INFO:root:epoch: 33/40, matte_loss: 0.12657881996779044
INFO:root:------save model------33  33.pth
INFO:root:epoch: 34/40, matte_loss: 8.827648117253988
INFO:root:epoch: 34/40, matte_loss: 0.147391803170784
INFO:root:epoch: 34/40, matte_loss: 0.12660717307546923
INFO:root:------save model------34  34.pth
INFO:root:epoch: 35/40, matte_loss: 8.782766049725149
INFO:root:epoch: 35/40, matte_loss: 0.14729122346228712
INFO:root:epoch: 35/40, matte_loss: 0.12646869200400282
INFO:root:------save model------35  35.pth
INFO:root:epoch: 36/40, matte_loss: 8.776534842548319
INFO:root:epoch: 36/40, matte_loss: 0.1472952745341204
INFO:root:epoch: 36/40, matte_loss: 0.12650403198762913
INFO:root:------save model------36  36.pth
INFO:root:epoch: 37/40, matte_loss: 8.810672152424715
INFO:root:epoch: 37/40, matte_loss: 0.14747927514220605
INFO:root:epoch: 37/40, matte_loss: 0.12672071064628432
INFO:root:------save model------37  37.pth
INFO:root:epoch: 38/40, matte_loss: 8.759035964003303
INFO:root:epoch: 38/40, matte_loss: 0.1473415299201571
INFO:root:epoch: 38/40, matte_loss: 0.12651074260960424
INFO:root:------save model------38  38.pth
INFO:root:epoch: 39/40, matte_loss: 8.757402759467668
INFO:root:epoch: 39/40, matte_loss: 0.14725114685280066
INFO:root:epoch: 39/40, matte_loss: 0.12637694967432742
INFO:root:------save model------39  39.pth
INFO:root:epoch: 40/40, matte_loss: 8.774617878687069
INFO:root:epoch: 40/40, matte_loss: 0.14709517750002088
INFO:root:epoch: 40/40, matte_loss: 0.12626471704066689
INFO:root:------save model------40  40.pth
INFO:root:Training ended at 2024-11-04 22:35:54.152347
INFO:root:Total training time: 10:11:19.826964
INFO:root:------------------------------------
WARNING:visdom:Setting up a new session...
INFO:websocket:Websocket connected
INFO:visdom:Visdom successfully connected to server
INFO:root:------------------------------------
INFO:root:Training started at 2024-11-06 11:36:45.691470
INFO:root:Training started
INFO:root:model load ./result/prune/new_mobilenetv2_human_seg_r0.5_t0.5/modnet_p_new_trimap_0027_lr0.0001_ratio_0.5_thresh_0.5.ckpt
INFO:root:batch_size: 64,lr :0.01, epochs: 40
INFO:root:------------------------------------
WARNING:visdom:Setting up a new session...
INFO:websocket:Websocket connected
INFO:visdom:Visdom successfully connected to server
INFO:root:------------------------------------
INFO:root:Training started at 2024-11-06 11:38:47.902736
INFO:root:Training started
INFO:root:model load ./result/prune/new_mobilenetv2_human_seg_r0.5_t0.5/modnet_p_new_trimap_0027_lr0.0001_ratio_0.5_thresh_0.5.ckpt
INFO:root:batch_size: 64,lr :0.01, epochs: 40
INFO:root:epoch: 1/40, matte_loss: 40.425441845774905
INFO:root:epoch: 1/40, matte_loss: 0.46154207162765554
INFO:root:epoch: 1/40, matte_loss: 0.4911919823121584
INFO:root:------save model------1  1.pth
INFO:root:epoch: 2/40, matte_loss: 24.5368765951495
INFO:root:epoch: 2/40, matte_loss: 0.2853358147007909
INFO:root:epoch: 2/40, matte_loss: 0.27348012452271275
INFO:root:------save model------2  2.pth
INFO:root:------------------------------------
WARNING:visdom:Setting up a new session...
INFO:websocket:Websocket connected
INFO:visdom:Visdom successfully connected to server
INFO:root:------------------------------------
INFO:root:Training started at 2024-11-06 13:11:50.250420
INFO:root:Training started
INFO:root:model load ./result/prune/new_mobilenetv2_human_seg_r0.5_t0.5/modnet_p_new_trimap_0027_lr0.0001_ratio_0.5_thresh_0.5.ckpt
INFO:root:batch_size: 64,lr :0.01, epochs: 40
INFO:root:------------------------------------
WARNING:visdom:Setting up a new session...
INFO:websocket:Websocket connected
INFO:visdom:Visdom successfully connected to server
INFO:root:------------------------------------
INFO:root:Training started at 2024-11-07 12:46:34.869081
INFO:root:Training started
INFO:root:model load ./result/prune/new_mobilenetv2_human_seg_r0.5_t0.5/modnet_p_new_trimap_0027_lr0.0001_ratio_0.5_thresh_0.5.ckpt
INFO:root:------------------------------------
WARNING:visdom:Setting up a new session...
INFO:websocket:Websocket connected
INFO:visdom:Visdom successfully connected to server
INFO:root:------------------------------------
INFO:root:Training started at 2024-11-07 12:47:56.827232
INFO:root:Training started
INFO:root:model load ./result/prune/ratio_0.5_thresh_0.5/modnet_p_new_trimap_0027_lr0.0001_ratio_0.5_thresh_0.5.ckpt
INFO:root:batch_size: 64,lr :0.01, epochs: 40
INFO:root:------------------------------------
WARNING:visdom:Setting up a new session...
INFO:websocket:Websocket connected
INFO:visdom:Visdom successfully connected to server
INFO:root:------------------------------------
INFO:root:Training started at 2024-11-07 13:36:50.653884
INFO:root:Training started
INFO:root:model load ./result/prune/ratio_0.5_thresh_0.5/modnet_p_new_trimap_0027_lr0.0001_ratio_0.5_thresh_0.5.ckpt
INFO:root:batch_size: 64,lr :0.01, epochs: 40
INFO:root:------------------------------------
WARNING:visdom:Setting up a new session...
INFO:websocket:Websocket connected
INFO:visdom:Visdom successfully connected to server
INFO:root:------------------------------------
INFO:root:Training started at 2024-11-07 13:53:15.641755
INFO:root:Training started
INFO:root:model load ./result/prune/ratio_0.5_thresh_0.5/modnet_p_new_trimap_0027_lr0.0001_ratio_0.5_thresh_0.5.ckpt
INFO:root:batch_size: 64,lr :0.01, epochs: 40
INFO:root:------------------------------------
WARNING:visdom:Setting up a new session...
INFO:websocket:Websocket connected
INFO:visdom:Visdom successfully connected to server
INFO:root:------------------------------------
INFO:root:Training started at 2024-11-07 14:38:41.471433
INFO:root:Training started
INFO:root:model load ./result/prune/new_mobilenetv2_human_seg_r0.5_t0.5/modnet_p_new_trimap_0027_lr0.0001_ratio_0.5_thresh_0.5.ckpt
INFO:root:batch_size: 64,lr :0.01, epochs: 40
INFO:root:------------------------------------
WARNING:visdom:Setting up a new session...
INFO:websocket:Websocket connected
INFO:visdom:Visdom successfully connected to server
INFO:root:------------------------------------
INFO:root:Training started at 2024-11-07 15:18:06.274557
INFO:root:Training started
INFO:root:model load ./result/prune/new_mobilenetv2_human_seg_r0.5_t0.5/modnet_p_new_trimap_0027_lr0.0001_ratio_0.5_thresh_0.5.ckpt
INFO:root:batch_size: 64,lr :0.01, epochs: 40
INFO:root:------------------------------------
WARNING:visdom:Setting up a new session...
INFO:websocket:Websocket connected
INFO:visdom:Visdom successfully connected to server
INFO:root:------------------------------------
INFO:root:Training started at 2024-11-07 15:19:48.164053
INFO:root:Training started
INFO:root:model load ./result/prune/new_mobilenetv2_human_seg_r0.5_t0.5/modnet_p_new_trimap_0027_lr0.0001_ratio_0.5_thresh_0.5.ckpt
INFO:root:------------------------------------
WARNING:visdom:Setting up a new session...
INFO:websocket:Websocket connected
INFO:visdom:Visdom successfully connected to server
INFO:root:------------------------------------
INFO:root:Training started at 2024-11-07 15:22:56.634927
INFO:root:Training started
INFO:root:model load ./result/prune/ratio_0.5_thresh_0.5/modnet_p_new_trimap_0027_lr0.0001_ratio_0.5_thresh_0.5.ckpt
INFO:root:------------------------------------
INFO:root:batch_size: 64, lr: 0.01, epochs: 40
INFO:root:------------------------------------
INFO:root:batch_size: 64, lr: 0.01, epochs: 40
INFO:root:------------------------------------
INFO:root:batch_size: 64, lr: 0.01, epochs: 40
INFO:root:------------------------------------
WARNING:visdom:Setting up a new session...
INFO:websocket:Websocket connected
INFO:visdom:Visdom successfully connected to server
INFO:root:------------------------------------
INFO:root:Training started at 2024-11-07 16:30:01.644866
INFO:root:Training started
INFO:root:model load ./result/prune/new_mobilenetv2_human_seg_r0.5_t0.5/modnet_p_new_trimap_0027_lr0.0001_ratio_0.5_thresh_0.5.ckpt
INFO:root:batch_size: 64,lr :0.01, epochs: 40
INFO:root:epoch: 1/40, matte_loss: 41.9931505842885
INFO:root:epoch: 1/40, matte_loss: 0.5025478946078137
INFO:root:epoch: 1/40, matte_loss: 0.5183290265812972
INFO:root:------save model------1  1.pth
INFO:root:------------------------------------
WARNING:visdom:Setting up a new session...
INFO:websocket:Websocket connected
INFO:visdom:Visdom successfully connected to server
INFO:root:------------------------------------
INFO:root:Training started at 2024-11-08 00:17:25.298212
INFO:root:Training started
INFO:root:model load ./result/prune/new_mobilenetv2_human_seg_r0.5_t0.5/modnet_p_new_trimap_0027_lr0.0001_ratio_0.5_thresh_0.5.ckpt
INFO:root:batch_size: 64,lr :0.01, epochs: 40
INFO:root:------------------------------------
WARNING:visdom:Setting up a new session...
INFO:websocket:Websocket connected
INFO:visdom:Visdom successfully connected to server
INFO:root:------------------------------------
INFO:root:Training started at 2024-11-08 00:27:59.980821
INFO:root:Training started
INFO:root:model load ./result/prune/ratio_0.5_thresh_0.5/modnet_p_new_trimap_0027_lr0.0001_ratio_0.5_thresh_0.5.ckpt
INFO:root:batch_size: 64,lr :0.01, epochs: 40
INFO:root:epoch: 1/40, matte_loss: 167.34707012755615
INFO:root:epoch: 1/40, matte_loss: 0.6370439841633752
INFO:root:epoch: 1/40, matte_loss: 0.7757895445264479
INFO:root:------save model------1  1.pth
INFO:root:epoch: 2/40, matte_loss: 165.38896406728406
INFO:root:epoch: 2/40, matte_loss: 0.48641678148664813
INFO:root:epoch: 2/40, matte_loss: 0.6300997386693785
INFO:root:------save model------2  2.pth
INFO:root:epoch: 3/40, matte_loss: 127.27950229749412
INFO:root:epoch: 3/40, matte_loss: 0.47740755715773475
INFO:root:epoch: 3/40, matte_loss: 0.6125814292391903
INFO:root:------save model------3  3.pth
INFO:root:epoch: 4/40, matte_loss: 122.53469124529578
INFO:root:epoch: 4/40, matte_loss: 0.43566951488211547
INFO:root:epoch: 4/40, matte_loss: 0.5538238430794199
INFO:root:------save model------4  4.pth
INFO:root:epoch: 5/40, matte_loss: 119.6938300498979
INFO:root:epoch: 5/40, matte_loss: 0.4043957183737236
INFO:root:epoch: 5/40, matte_loss: 0.5116456700455829
INFO:root:------save model------5  5.pth
INFO:root:epoch: 6/40, matte_loss: 111.55271720072862
INFO:root:epoch: 6/40, matte_loss: 0.3762541014460189
INFO:root:epoch: 6/40, matte_loss: 0.4717605358840899
INFO:root:------save model------6  6.pth
INFO:root:epoch: 7/40, matte_loss: 112.70688121206132
INFO:root:epoch: 7/40, matte_loss: 0.3640625724236679
INFO:root:epoch: 7/40, matte_loss: 0.4578919873096965
INFO:root:------save model------7  7.pth
INFO:root:epoch: 8/40, matte_loss: 107.7643948002919
INFO:root:epoch: 8/40, matte_loss: 0.3356333211879825
INFO:root:epoch: 8/40, matte_loss: 0.42552362256382237
INFO:root:------save model------8  8.pth
INFO:root:epoch: 9/40, matte_loss: 107.4791747140986
INFO:root:epoch: 9/40, matte_loss: 0.3180715442233333
INFO:root:epoch: 9/40, matte_loss: 0.4098276657971746
INFO:root:------save model------9  9.pth
INFO:root:epoch: 10/40, matte_loss: 107.34070282852556
INFO:root:epoch: 10/40, matte_loss: 0.3058361409082426
INFO:root:epoch: 10/40, matte_loss: 0.39778131473208456
INFO:root:------save model------10  10.pth
INFO:root:epoch: 11/40, matte_loss: 106.85909409987308
INFO:root:epoch: 11/40, matte_loss: 0.28989453686834143
INFO:root:epoch: 11/40, matte_loss: 0.3766610733820516
INFO:root:------save model------11  11.pth
INFO:root:epoch: 12/40, matte_loss: 107.02103381789824
INFO:root:epoch: 12/40, matte_loss: 0.28789394131220225
INFO:root:epoch: 12/40, matte_loss: 0.37383374885285925
INFO:root:------save model------12  12.pth
INFO:root:epoch: 13/40, matte_loss: 107.04106898236206
INFO:root:epoch: 13/40, matte_loss: 0.2867856216011271
INFO:root:epoch: 13/40, matte_loss: 0.372284431108449
INFO:root:------save model------13  13.pth
INFO:root:epoch: 14/40, matte_loss: 106.94833389795157
INFO:root:epoch: 14/40, matte_loss: 0.2859297561662453
INFO:root:epoch: 14/40, matte_loss: 0.3713096329186432
INFO:root:------save model------14  14.pth
INFO:root:epoch: 15/40, matte_loss: 106.9992779439531
INFO:root:epoch: 15/40, matte_loss: 0.2850490757439606
INFO:root:epoch: 15/40, matte_loss: 0.36996580102211546
INFO:root:------save model------15  15.pth
INFO:root:epoch: 16/40, matte_loss: 106.66227481436374
INFO:root:epoch: 16/40, matte_loss: 0.28434843438139346
INFO:root:epoch: 16/40, matte_loss: 0.3690496929884804
INFO:root:------save model------16  16.pth
INFO:root:epoch: 17/40, matte_loss: 106.974881341526
INFO:root:epoch: 17/40, matte_loss: 0.28335629646118937
INFO:root:epoch: 17/40, matte_loss: 0.3677566005519374
INFO:root:------save model------17  17.pth
INFO:root:epoch: 18/40, matte_loss: 106.85470383360654
INFO:root:epoch: 18/40, matte_loss: 0.28251454203410103
INFO:root:epoch: 18/40, matte_loss: 0.3665651877509336
INFO:root:------save model------18  18.pth
INFO:root:epoch: 19/40, matte_loss: 106.91699446240001
INFO:root:epoch: 19/40, matte_loss: 0.2818713510871018
INFO:root:epoch: 19/40, matte_loss: 0.36557847589741554
INFO:root:------save model------19  19.pth
INFO:root:epoch: 20/40, matte_loss: 106.92188964576567
INFO:root:epoch: 20/40, matte_loss: 0.28127793352402264
INFO:root:epoch: 20/40, matte_loss: 0.3648436282362257
INFO:root:------save model------20  20.pth
INFO:root:epoch: 21/40, matte_loss: 106.89888928378399
INFO:root:epoch: 21/40, matte_loss: 0.2792887588130216
INFO:root:epoch: 21/40, matte_loss: 0.3617969233894823
INFO:root:------save model------21  21.pth
INFO:root:epoch: 22/40, matte_loss: 106.94838308605982
INFO:root:epoch: 22/40, matte_loss: 0.27897502084784925
INFO:root:epoch: 22/40, matte_loss: 0.36132804800537177
INFO:root:------save model------22  22.pth
INFO:root:epoch: 23/40, matte_loss: 106.75360601593945
INFO:root:epoch: 23/40, matte_loss: 0.27888868987433185
INFO:root:epoch: 23/40, matte_loss: 0.3614545599123901
INFO:root:------save model------23  23.pth
INFO:root:epoch: 24/40, matte_loss: 106.99171220056326
INFO:root:epoch: 24/40, matte_loss: 0.2789713695338201
INFO:root:epoch: 24/40, matte_loss: 0.36130983181769066
INFO:root:------save model------24  24.pth
INFO:root:epoch: 25/40, matte_loss: 106.98703660454281
INFO:root:epoch: 25/40, matte_loss: 0.27876228156586275
INFO:root:epoch: 25/40, matte_loss: 0.3608705811705586
INFO:root:------save model------25  25.pth
INFO:root:------------------------------------
WARNING:visdom:Setting up a new session...
INFO:websocket:Websocket connected
INFO:visdom:Visdom successfully connected to server
INFO:root:------------------------------------
INFO:root:Training started at 2024-11-08 15:06:40.670870
INFO:root:Training started
INFO:root:model load ./result/prune/ratio_0.5_thresh_0.5/modnet_p_new_trimap_0027_lr0.0001_ratio_0.5_thresh_0.5.ckpt
INFO:root:batch_size: 64,lr :0.01, epochs: 40
INFO:root:------------------------------------
WARNING:visdom:Setting up a new session...
INFO:visdom:Visdom successfully connected to server
INFO:root:Training started at 2026-01-15 14:39:33.969637
INFO:root:Training started
INFO:root:model load ./model_save/pruned_once_rep_lr_all5x5layers.pth
