INFO:root:------------------------------------
INFO:root:model load ./pretrained/modnet_photographic_portrait_matting.ckpt
INFO:root:batch_size: 4,lr :0.01, epochs: 40
INFO:root:------------------------------------
INFO:root:model load ./pretrained/modnet_photographic_portrait_matting.ckpt
INFO:root:batch_size: 4,lr :0.01, epochs: 40
INFO:root:------------------------------------
INFO:root:model load ./pretrained/modnet_photographic_portrait_matting.ckpt
INFO:root:batch_size: 4,lr :0.01, epochs: 40
INFO:root:------------------------------------
INFO:root:model load ./pretrained/modnet_photographic_portrait_matting.ckpt
INFO:root:batch_size: 4,lr :0.01, epochs: 40
INFO:root:------------------------------------
INFO:root:model load ./pretrained/modnet_photographic_portrait_matting.ckpt
INFO:root:batch_size: 16,lr :0.01, epochs: 40
INFO:root:------------------------------------
INFO:root:model load ./pretrained/modnet_photographic_portrait_matting.ckpt
INFO:root:batch_size: 32,lr :0.01, epochs: 40
ERROR:visdom:Connection to remote host was lost.
ERROR:websocket:Connection to remote host was lost. - goodbye
ERROR:websocket:error from callback <function Visdom.setup_socket.<locals>.on_close at 0x7f1e4f68d280>: on_close() takes 1 positional argument but 3 were given
ERROR:visdom:on_close() takes 1 positional argument but 3 were given
ERROR:visdom:[Errno 111] Connection refused
ERROR:websocket:[Errno 111] Connection refused - goodbye
ERROR:websocket:error from callback <function Visdom.setup_socket.<locals>.on_close at 0x7f1e4f68d280>: on_close() takes 1 positional argument but 3 were given
ERROR:visdom:on_close() takes 1 positional argument but 3 were given
ERROR:visdom:[Errno 111] Connection refused
ERROR:websocket:[Errno 111] Connection refused - goodbye
ERROR:websocket:error from callback <function Visdom.setup_socket.<locals>.on_close at 0x7f1e4f68d280>: on_close() takes 1 positional argument but 3 were given
ERROR:visdom:on_close() takes 1 positional argument but 3 were given
INFO:root:------------------------------------
INFO:root:model load ./pretrained/modnet_photographic_portrait_matting.ckpt
INFO:root:batch_size: 32,lr :0.01, epochs: 40
INFO:root:------------------------------------
INFO:root:model load ./pretrained/modnet_photographic_portrait_matting.ckpt
INFO:root:batch_size: 32,lr :0.01, epochs: 40
INFO:root:------------------------------------
INFO:root:model load ./pretrained/modnet_photographic_portrait_matting.ckpt
INFO:root:batch_size: 32,lr :0.01, epochs: 40
ERROR:visdom:Connection to remote host was lost.
ERROR:websocket:Connection to remote host was lost. - goodbye
ERROR:websocket:error from callback <function Visdom.setup_socket.<locals>.on_close at 0x7fb90ddff280>: on_close() takes 1 positional argument but 3 were given
ERROR:visdom:on_close() takes 1 positional argument but 3 were given
ERROR:visdom:[Errno 111] Connection refused
ERROR:websocket:[Errno 111] Connection refused - goodbye
ERROR:websocket:error from callback <function Visdom.setup_socket.<locals>.on_close at 0x7fb90ddff280>: on_close() takes 1 positional argument but 3 were given
ERROR:visdom:on_close() takes 1 positional argument but 3 were given
ERROR:visdom:[Errno 111] Connection refused
ERROR:websocket:[Errno 111] Connection refused - goodbye
ERROR:websocket:error from callback <function Visdom.setup_socket.<locals>.on_close at 0x7fb90ddff280>: on_close() takes 1 positional argument but 3 were given
ERROR:visdom:on_close() takes 1 positional argument but 3 were given
ERROR:visdom:[Errno 111] Connection refused
ERROR:websocket:[Errno 111] Connection refused - goodbye
ERROR:websocket:error from callback <function Visdom.setup_socket.<locals>.on_close at 0x7fb90ddff280>: on_close() takes 1 positional argument but 3 were given
ERROR:visdom:on_close() takes 1 positional argument but 3 were given
ERROR:visdom:[Errno 111] Connection refused
ERROR:websocket:[Errno 111] Connection refused - goodbye
ERROR:websocket:error from callback <function Visdom.setup_socket.<locals>.on_close at 0x7fb90ddff280>: on_close() takes 1 positional argument but 3 were given
ERROR:visdom:on_close() takes 1 positional argument but 3 were given
ERROR:visdom:[Errno 111] Connection refused
ERROR:websocket:[Errno 111] Connection refused - goodbye
ERROR:websocket:error from callback <function Visdom.setup_socket.<locals>.on_close at 0x7fb90ddff280>: on_close() takes 1 positional argument but 3 were given
ERROR:visdom:on_close() takes 1 positional argument but 3 were given
ERROR:visdom:[Errno 111] Connection refused
ERROR:websocket:[Errno 111] Connection refused - goodbye
ERROR:websocket:error from callback <function Visdom.setup_socket.<locals>.on_close at 0x7fb90ddff280>: on_close() takes 1 positional argument but 3 were given
ERROR:visdom:on_close() takes 1 positional argument but 3 were given
ERROR:visdom:[Errno 111] Connection refused
ERROR:websocket:[Errno 111] Connection refused - goodbye
ERROR:websocket:error from callback <function Visdom.setup_socket.<locals>.on_close at 0x7fb90ddff280>: on_close() takes 1 positional argument but 3 were given
ERROR:visdom:on_close() takes 1 positional argument but 3 were given
INFO:root:------------------------------------
INFO:root:model load ./pretrained/modnet_photographic_portrait_matting.ckpt
INFO:root:batch_size: 32,lr :0.01, epochs: 40
ERROR:visdom:[Errno 111] Connection refused
ERROR:websocket:[Errno 111] Connection refused - goodbye
ERROR:websocket:error from callback <function Visdom.setup_socket.<locals>.on_close at 0x7fb90ddff280>: on_close() takes 1 positional argument but 3 were given
ERROR:visdom:on_close() takes 1 positional argument but 3 were given
ERROR:visdom:[Errno 111] Connection refused
ERROR:websocket:[Errno 111] Connection refused - goodbye
ERROR:websocket:error from callback <function Visdom.setup_socket.<locals>.on_close at 0x7fb90ddff280>: on_close() takes 1 positional argument but 3 were given
ERROR:visdom:on_close() takes 1 positional argument but 3 were given
ERROR:visdom:[Errno 111] Connection refused
ERROR:websocket:[Errno 111] Connection refused - goodbye
ERROR:websocket:error from callback <function Visdom.setup_socket.<locals>.on_close at 0x7fb90ddff280>: on_close() takes 1 positional argument but 3 were given
ERROR:visdom:on_close() takes 1 positional argument but 3 were given
INFO:root:------------------------------------
INFO:root:model load ./pretrained/modnet_photographic_portrait_matting.ckpt
INFO:root:batch_size: 32,lr :0.01, epochs: 40
INFO:root:------------------------------------
INFO:root:model load ./pretrained/modnet_photographic_portrait_matting.ckpt
INFO:root:batch_size: 32,lr :0.01, epochs: 40
INFO:root:------------------------------------
INFO:root:model load ./pretrained/modnet_photographic_portrait_matting.ckpt
INFO:root:batch_size: 32,lr :0.01, epochs: 40
INFO:root:------------------------------------
INFO:root:model load ./pretrained/modnet_photographic_portrait_matting.ckpt
INFO:root:batch_size: 32,lr :0.01, epochs: 40
INFO:root:------------------------------------
INFO:root:model load ./pretrained/modnet_photographic_portrait_matting.ckpt
INFO:root:batch_size: 32,lr :0.01, epochs: 40
INFO:root:epoch: 1/40, matte_loss: 69.58624150840532
INFO:root:epoch: 1/40, matte_loss: 0.3368660147731261
INFO:root:epoch: 1/40, matte_loss: 0.347474102708228
INFO:root:------save model------1  1.pth
INFO:root:epoch: 2/40, matte_loss: 40.9830450703967
INFO:root:epoch: 2/40, matte_loss: 0.23621985037641258
INFO:root:epoch: 2/40, matte_loss: 0.227320207699397
INFO:root:------save model------2  2.pth
INFO:root:epoch: 3/40, matte_loss: 35.80033817039482
INFO:root:epoch: 3/40, matte_loss: 0.22973787414298716
INFO:root:epoch: 3/40, matte_loss: 0.21750564120479465
INFO:root:------save model------3  3.pth
INFO:root:epoch: 4/40, matte_loss: 56.23669266019254
INFO:root:epoch: 4/40, matte_loss: 0.25589641262808605
INFO:root:epoch: 4/40, matte_loss: 0.2517770162753435
INFO:root:------save model------4  4.pth
INFO:root:epoch: 5/40, matte_loss: 39.59175849763807
INFO:root:epoch: 5/40, matte_loss: 0.21782617005024607
INFO:root:epoch: 5/40, matte_loss: 0.21150812864504884
INFO:root:------save model------5  5.pth
INFO:root:epoch: 6/40, matte_loss: 36.111898265300276
INFO:root:epoch: 6/40, matte_loss: 0.18018302179202889
INFO:root:epoch: 6/40, matte_loss: 0.16996752955959735
INFO:root:------save model------6  6.pth
INFO:root:epoch: 7/40, matte_loss: 46.26631043795225
INFO:root:epoch: 7/40, matte_loss: 0.20875046404334857
INFO:root:epoch: 7/40, matte_loss: 0.2142153083907299
INFO:root:------save model------7  7.pth
INFO:root:epoch: 8/40, matte_loss: 38.35758380645769
INFO:root:epoch: 8/40, matte_loss: 0.1818845258000013
INFO:root:epoch: 8/40, matte_loss: 0.17902006004157967
INFO:root:------save model------8  8.pth
INFO:root:epoch: 9/40, matte_loss: 31.346100916884048
INFO:root:epoch: 9/40, matte_loss: 0.16126033863985703
INFO:root:epoch: 9/40, matte_loss: 0.15260244912305337
INFO:root:------save model------9  9.pth
INFO:root:epoch: 10/40, matte_loss: 28.8805175752919
INFO:root:epoch: 10/40, matte_loss: 0.15097598074923788
INFO:root:epoch: 10/40, matte_loss: 0.14086120126724583
INFO:root:------save model------10  10.pth
INFO:root:epoch: 11/40, matte_loss: 26.111197052963828
INFO:root:epoch: 11/40, matte_loss: 0.14701370858093024
INFO:root:epoch: 11/40, matte_loss: 0.137307716293179
INFO:root:------save model------11  11.pth
INFO:root:epoch: 12/40, matte_loss: 21.78668959463168
INFO:root:epoch: 12/40, matte_loss: 0.13617747697887833
INFO:root:epoch: 12/40, matte_loss: 0.12163993050110879
INFO:root:------save model------12  12.pth
INFO:root:epoch: 13/40, matte_loss: 20.20310364154469
INFO:root:epoch: 13/40, matte_loss: 0.1333694764877442
INFO:root:epoch: 13/40, matte_loss: 0.11776886324186661
INFO:root:------save model------13  13.pth
INFO:root:epoch: 14/40, matte_loss: 19.254636596506572
INFO:root:epoch: 14/40, matte_loss: 0.13097287286993367
INFO:root:epoch: 14/40, matte_loss: 0.11472837059598692
INFO:root:------save model------14  14.pth
INFO:root:epoch: 15/40, matte_loss: 18.48956668301503
INFO:root:epoch: 15/40, matte_loss: 0.12948013089631658
INFO:root:epoch: 15/40, matte_loss: 0.11316552581023882
INFO:root:------save model------15  15.pth
INFO:root:epoch: 16/40, matte_loss: 17.859292710942228
INFO:root:epoch: 16/40, matte_loss: 0.12738386100609023
INFO:root:epoch: 16/40, matte_loss: 0.11018412254838134
INFO:root:------save model------16  16.pth
INFO:root:epoch: 17/40, matte_loss: 16.76850521418147
INFO:root:epoch: 17/40, matte_loss: 0.1251776474138998
INFO:root:epoch: 17/40, matte_loss: 0.1074689264255955
INFO:root:------save model------17  17.pth
INFO:root:epoch: 18/40, matte_loss: 15.834576378295372
INFO:root:epoch: 18/40, matte_loss: 0.12322327584674508
INFO:root:epoch: 18/40, matte_loss: 0.10491711461444449
INFO:root:------save model------18  18.pth
INFO:root:epoch: 19/40, matte_loss: 15.267970707283414
INFO:root:epoch: 19/40, matte_loss: 0.12184550322610799
INFO:root:epoch: 19/40, matte_loss: 0.10337307390753925
INFO:root:------save model------19  19.pth
INFO:root:epoch: 20/40, matte_loss: 14.818286226415418
INFO:root:epoch: 20/40, matte_loss: 0.12141239631442977
INFO:root:epoch: 20/40, matte_loss: 0.10284774697498626
INFO:root:------save model------20  20.pth
INFO:root:epoch: 21/40, matte_loss: 14.201738285417928
INFO:root:epoch: 21/40, matte_loss: 0.11930337087130402
INFO:root:epoch: 21/40, matte_loss: 0.10029980041804451
INFO:root:------save model------21  21.pth
INFO:root:epoch: 22/40, matte_loss: 14.043193937045377
INFO:root:epoch: 22/40, matte_loss: 0.11888020833668826
INFO:root:epoch: 22/40, matte_loss: 0.09970563617818007
INFO:root:------save model------22  22.pth
INFO:root:epoch: 23/40, matte_loss: 13.895750750194926
INFO:root:epoch: 23/40, matte_loss: 0.11847487994934204
INFO:root:epoch: 23/40, matte_loss: 0.0991010879491874
INFO:root:------save model------23  23.pth
INFO:root:epoch: 24/40, matte_loss: 13.765663850309583
INFO:root:epoch: 24/40, matte_loss: 0.11829715391102526
INFO:root:epoch: 24/40, matte_loss: 0.09887966957808049
INFO:root:------save model------24  24.pth
INFO:root:epoch: 25/40, matte_loss: 13.751661666915936
INFO:root:epoch: 25/40, matte_loss: 0.11816681165299804
INFO:root:epoch: 25/40, matte_loss: 0.09876563256474691
INFO:root:------save model------25  25.pth
INFO:root:epoch: 26/40, matte_loss: 13.729067365931254
INFO:root:epoch: 26/40, matte_loss: 0.11803646101737167
INFO:root:epoch: 26/40, matte_loss: 0.09858199124086424
INFO:root:------save model------26  26.pth
INFO:root:epoch: 27/40, matte_loss: 13.684400064207235
INFO:root:epoch: 27/40, matte_loss: 0.1179204778239221
INFO:root:epoch: 27/40, matte_loss: 0.09862469653329135
INFO:root:------save model------27  27.pth
INFO:root:------------------------------------
INFO:root:model load ./pretrained/modnet_photographic_portrait_matting.ckpt
INFO:root:batch_size: 32,lr :0.01, epochs: 40
